Microchip Technology Inc, vv1.23 (A)

Tool Name:
  c:\program files (x86)\microchip\xc16\v1.23\bin\bin\..\bin/elf-ld.exe

Command:
  -p24FJ128GB204 \
  -o \
  dist/default/debug/BT_Causeway_BaroUpdate_Copy.debug.elf \
  -Lc:/program files (x86)/microchip/xc16/v1.23/bin/bin/.. \
  -Lc:/program files (x86)/microchip/xc16/v1.23/bin/bin/../../lib \
  -Lc:/program files (x86)/microchip/xc16/v1.23/bin/bin/../../lib/PIC24E \
  -Lc:/program files (x86)/microchip/xc16/v1.23/bin/bin/../../support/PIC24E/gld \
  -Lc:/program files (x86)/microchip/xc16/v1.23/bin/bin/../../lib/PIC24F \
  -Lc:/program files (x86)/microchip/xc16/v1.23/bin/bin/../../support/PIC24F/gld \
  -Lc:/program files (x86)/microchip/xc16/v1.23/bin/bin/../../lib/PIC24H \
  -Lc:/program files (x86)/microchip/xc16/v1.23/bin/bin/../../support/PIC24H/gld \
  -Lc:/program files (x86)/microchip/xc16/v1.23/bin/bin/../../lib/dsPIC30F \
  -Lc:/program files (x86)/microchip/xc16/v1.23/bin/bin/../../support/dsPIC30F/gld \
  -Lc:/program files (x86)/microchip/xc16/v1.23/bin/bin/../../lib/dsPIC33E \
  -Lc:/program files (x86)/microchip/xc16/v1.23/bin/bin/../../support/dsPIC33E/gld \
  -Lc:/program files (x86)/microchip/xc16/v1.23/bin/bin/../../lib/dsPIC33F \
  -Lc:/program files (x86)/microchip/xc16/v1.23/bin/bin/../../support/dsPIC33F/gld \
  build/default/debug/mcc_generated_files/uart3.o \
  build/default/debug/mcc_generated_files/uart2.o \
  build/default/debug/mcc_generated_files/uart1.o \
  build/default/debug/mcc_generated_files/adc1.o \
  build/default/debug/mcc_generated_files/pin_manager.o \
  build/default/debug/mcc_generated_files/interrupt_manager.o \
  build/default/debug/mcc_generated_files/mcc.o \
  build/default/debug/mcc_generated_files/spi1.o \
  build/default/debug/mcc_generated_files/tmr2.o \
  build/default/debug/mcc_generated_files/tmr1.o \
  build/default/debug/mcc_generated_files/i2c2.o \
  build/default/debug/mcc_generated_files/uart4.o \
  build/default/debug/utests/seatest.o \
  build/default/debug/utests/unit.o \
  build/default/debug/main.o \
  build/default/debug/barometer.o \
  build/default/debug/debug.o \
  build/default/debug/compass.o \
  build/default/debug/gps.o \
  build/default/debug/traps.o \
  build/default/debug/relay.o \
  build/default/debug/inject.o \
  build/default/debug/CircularBuffer.o \
  build/default/debug/timers.o \
  build/default/debug/Parsing.o \
  -TC:\Users\CIRONI~1\AppData\Local\Temp\tmp00001b54.00 \
  -TC:\Users\CIRONI~1\AppData\Local\Temp\tmp00001b54.01 \
  -TC:\Users\CIRONI~1\AppData\Local\Temp\tmp00001b54.02 \
  -TC:\Users\CIRONI~1\AppData\Local\Temp\tmp00001b54.03 \
  -TC:\Users\CIRONI~1\AppData\Local\Temp\tmp00001b54.04 \
  -TC:\Users\CIRONI~1\AppData\Local\Temp\tmp00001b54.05 \
  -TC:\Users\CIRONI~1\AppData\Local\Temp\tmp00001b54.06 \
  --local-stack \
  --defsym=__MPLAB_BUILD=1 \
  --defsym=__MPLAB_DEBUG=1 \
  --defsym=__DEBUG=1 \
  --defsym=__MPLAB_DEBUGGER_PK3=1 \
  -Tp24FJ128GB204.gld.07 \
  --stack=16 \
  --check-sections \
  --data-init \
  --pack-data \
  --handles \
  --isr \
  --no-gc-sections \
  --fill-upper=0 \
  --stackguard=16 \
  --no-force-link \
  --smart-io \
  -Map=dist/default/debug/BT_Causeway_BaroUpdate_Copy.debug.map \
  --report-mem \
  -start-group \
  --library=pic30-elf \
  --library=m-elf \
  --library=c-elf \
  -end-group \

Archive member included because of file (symbol)

c:/program files (x86)/microchip/xc16/v1.23/bin/bin/../../lib\libpic30-elf.a(crt0_extended.o)
                              (__resetPRI)
c:/program files (x86)/microchip/xc16/v1.23/bin/bin/../../lib\libpic30-elf.a(data_init_extended.o)
                              c:/program files (x86)/microchip/xc16/v1.23/bin/bin/../../lib\libpic30-elf.a(crt0_extended.o) (__data_init_extended)
c:/program files (x86)/microchip/xc16/v1.23/bin/bin/../../lib\libm-elf.a(addsf3.eo)
                              build/default/debug/utests/seatest.o (___subsf3)
c:/program files (x86)/microchip/xc16/v1.23/bin/bin/../../lib\libm-elf.a(divsf3.eo)
                              build/default/debug/gps.o (___divsf3)
c:/program files (x86)/microchip/xc16/v1.23/bin/bin/../../lib\libm-elf.a(divsi3.eo)
                              build/default/debug/barometer.o (___divsi3)
c:/program files (x86)/microchip/xc16/v1.23/bin/bin/../../lib\libm-elf.a(feqltle.eo)
                              build/default/debug/utests/seatest.o (___ltsf2)
c:/program files (x86)/microchip/xc16/v1.23/bin/bin/../../lib\libm-elf.a(floatsisf.eo)
                              build/default/debug/inject.o (___floatsisf)
c:/program files (x86)/microchip/xc16/v1.23/bin/bin/../../lib\libm-elf.a(fpack.eo)
                              c:/program files (x86)/microchip/xc16/v1.23/bin/bin/../../lib\libm-elf.a(addsf3.eo) (__fpack)
c:/program files (x86)/microchip/xc16/v1.23/bin/bin/../../lib\libm-elf.a(funpack2.eo)
                              c:/program files (x86)/microchip/xc16/v1.23/bin/bin/../../lib\libm-elf.a(addsf3.eo) (__funpack2)
[...]
Memory Configuration

Name             Origin             Length             Attributes
data             0x000800           0x002000           a !xr
reset            0x000000           0x000004  
ivt              0x000004           0x0000fc  
_reserved        0x000100           0x000004  
aivt             0x000104           0x0000fc  
program          0x000200           0x0155f8           xr
CONFIG4          0x0157f8           0x000002  
CONFIG3          0x0157fa           0x000002  
CONFIG2          0x0157fc           0x000002  
CONFIG1          0x0157fe           0x000002  
*default*        0x000000           0xffffffff  

Linker script and memory map

LOAD build/default/debug/mcc_generated_files/uart3.o
LOAD build/default/debug/mcc_generated_files/uart2.o
LOAD build/default/debug/mcc_generated_files/uart1.o
LOAD build/default/debug/mcc_generated_files/adc1.o
LOAD build/default/debug/mcc_generated_files/pin_manager.o
LOAD build/default/debug/mcc_generated_files/interrupt_manager.o
LOAD build/default/debug/mcc_generated_files/mcc.o
LOAD build/default/debug/mcc_generated_files/spi1.o
LOAD build/default/debug/mcc_generated_files/tmr2.o
LOAD build/default/debug/mcc_generated_files/tmr1.o
LOAD build/default/debug/mcc_generated_files/i2c2.o
LOAD build/default/debug/mcc_generated_files/uart4.o
LOAD build/default/debug/utests/seatest.o
LOAD build/default/debug/utests/unit.o
LOAD build/default/debug/main.o
LOAD build/default/debug/barometer.o
LOAD build/default/debug/debug.o
LOAD build/default/debug/compass.o
LOAD build/default/debug/gps.o
LOAD build/default/debug/traps.o
LOAD build/default/debug/relay.o
LOAD build/default/debug/inject.o
LOAD build/default/debug/CircularBuffer.o
LOAD build/default/debug/timers.o
LOAD build/default/debug/Parsing.o

reserve_data_0x800
                    0x0800         0x1c
                    0x081c                  . = 0x1c
 *fill*             0x0800         0x1c00

reserve_data_0x81c
                    0x081c          0x2
                    0x081e                  . = 0x2
 *fill*             0x081c          0x200

reserve_data_0x81e
                    0x081e          0x2
                    0x0820                  . = 0x2
 *fill*             0x081e          0x200

reserve_data_0x820
                    0x0820          0x2
                    0x0822                  . = 0x2
 *fill*             0x0820          0x200

reserve_data_0x822
                    0x0822          0x2
                    0x0824                  . = 0x2
 *fill*             0x0822          0x200

reserve_data_0x824
                    0x0824          0x4
                    0x0828                  . = 0x4
 *fill*             0x0824          0x400

reserve_data_0x82a
                    0x082a         0x26
                    0x0850                  . = 0x26
 *fill*             0x082a         0x2600
                    0x0001                  __MPLAB_BUILD = 0x1
                    0x0001                  __MPLAB_DEBUG = 0x1
                    0x0001                  __DEBUG = 0x1
                    0x0001                  __MPLAB_DEBUGGER_PK3 = 0x1
LOAD c:/program files (x86)/microchip/xc16/v1.23/bin/bin/../../lib/PIC24F\libpPIC24Fxxx-elf.a
LOAD c:/program files (x86)/microchip/xc16/v1.23/bin/bin/../../lib\libfx-elf.a
                    0x157f8                  __CONFIG4 = 0x157f8
                    0x157fa                  __CONFIG3 = 0x157fa
                    0x157fc                  __CONFIG2 = 0x157fc
                    0x157fe                  __CONFIG1 = 0x157fe
                    0x0200                  __CODE_BASE = 0x200
                    0x155f8                  __CODE_LENGTH = 0x155f8
                    0x0004                  __IVT_BASE = 0x4
                    0x0104                  __AIVT_BASE = 0x104
                    0x0800                  __DATA_BASE = 0x800
                    0x2000                  __DATA_LENGTH = 0x2000

.reset            0x000000          0x4
                  0x000000          0x2 SHORT 0x200 ABSOLUTE (__reset)
                  0x000001          0x2 SHORT 0x4
                  0x000002          0x2 SHORT 0x0 ((ABSOLUTE (__reset) >> 0x10) & 0x7f)
                  0x000003          0x2 SHORT 0x0

.text             0x000200       0x1f2e
 *(.init)
 .init            0x000200         0x38 c:/program files (x86)/microchip/xc16/v1.23/bin/bin/../../lib\libpic30-elf.a(crt0_extended.o)
                  0x000200                  __resetPRI
                  0x000200                  __reset
                  0x00022c                  __psv_init
 .init            0x000238         0x9a c:/program files (x86)/microchip/xc16/v1.23/bin/bin/../../lib\libpic30-elf.a(data_init_extended.o)
                  0x000238                  __data_init
                  0x000238                  __data_init_extended
 *(.user_init)
 *(.handle)
 *(.isr*)
 .isr.text        0x0002d2         0xda build/default/debug/traps.o
                  0x0002d2                  __OscillatorFail
                  0x0002f8                  __AddressError
                  0x00031e                  __StackError
                  0x000344                  __MathError
                  0x00036a                  __AltOscillatorFail
                  0x000372                  __AltAddressError
                  0x00037a                  __AltStackError
                  0x000382                  __AltMathError
                  0x00038a                  __DefaultInterrupt
 *(.libc)
 .libc            0x0003ac         0x10 c:/program files (x86)/microchip/xc16/v1.23/bin/bin/../../lib\libc-elf.a(isspace.eso)
                  0x0003ac                  _isspace
 .libc            0x0003bc         0x60 c:/program files (x86)/microchip/xc16/v1.23/bin/bin/../../lib\libpic30-elf.a(write.eo)
                  0x0003bc                  _write
 *(.libm)
 *(.libdsp)
 *(.lib*)
 .libm.subsf3     0x00041c         0xbc c:/program files (x86)/microchip/xc16/v1.23/bin/bin/../../lib\libm-elf.a(addsf3.eo)
                  0x00041c                  ___subsf3
                  0x00041e                  ___addsf3
 .libm.divfs3     0x0004d8         0x84 c:/program files (x86)/microchip/xc16/v1.23/bin/bin/../../lib\libm-elf.a(divsf3.eo)
                  0x0004d8                  ___divsf3
 .libm.divsi3     0x00055c         0x1e c:/program files (x86)/microchip/xc16/v1.23/bin/bin/../../lib\libm-elf.a(divsi3.eo)
                  0x00055c                  ___divsi3
 .libm.eqsf2      0x00057a          0x4 c:/program files (x86)/microchip/xc16/v1.23/bin/bin/../../lib\libm-elf.a(feqltle.eo)
                  0x00057a                  ___eqsf2
                  0x00057a                  ___ltsf2
                  0x00057a                  ___lesf2
 .libm.floatsisf
                  0x00057e          0x6 c:/program files (x86)/microchip/xc16/v1.23/bin/bin/../../lib\libm-elf.a(floatsisf.eo)
                  0x00057e                  ___floatsisf
 .libm.fpack      0x000584         0x4c c:/program files (x86)/microchip/xc16/v1.23/bin/bin/../../lib\libm-elf.a(fpack.eo)
                  0x000584                  __fpack
 .libm.funpack2
                  0x0005d0         0x10 c:/program files (x86)/microchip/xc16/v1.23/bin/bin/../../lib\libm-elf.a(funpack2.eo)
                  0x0005d0                  __funpack2
 .libm.fPropagateNaN
                  0x0005e0         0x12 c:/program files (x86)/microchip/xc16/v1.23/bin/bin/../../lib\libm-elf.a(futil.eo)
                  0x0005e0                  __fPropagateNaN
 .libm.fbobExit
                  0x0005f2          0x8 c:/program files (x86)/microchip/xc16/v1.23/bin/bin/../../lib\libm-elf.a(futil.eo)
                  0x0005f2                  __fbopExit
 .libm.fbopReturnNaN
                  0x0005fa          0x6 c:/program files (x86)/microchip/xc16/v1.23/bin/bin/../../lib\libm-elf.a(futil.eo)
                  0x0005fa                  __fbopReturnNaN
 .libm.modsi3     0x000600         0x1e c:/program files (x86)/microchip/xc16/v1.23/bin/bin/../../lib\libm-elf.a(modsi3.eo)
                  0x000600                  ___modsi3
 .libm.udivsi3    0x00061e         0x20 c:/program files (x86)/microchip/xc16/v1.23/bin/bin/../../lib\libm-elf.a(udivsi3.eo)
                  0x00061e                  ___udivsi3
 .libm.umodsi3    0x00063e          0x6 c:/program files (x86)/microchip/xc16/v1.23/bin/bin/../../lib\libm-elf.a(umodsi3.eo)
                  0x00063e                  ___umodsi3
 .libm.__PplusBdi
                  0x000644         0x28 c:/program files (x86)/microchip/xc16/v1.23/bin/bin/../../lib\libm-elf.a(divmoddi3.eo)
 .libm.__PminusBdi
                  0x00066c         0x4a c:/program files (x86)/microchip/xc16/v1.23/bin/bin/../../lib\libm-elf.a(divmoddi3.eo)
 .libm.__udivmoddi3
                  0x0006b6         0xe4 c:/program files (x86)/microchip/xc16/v1.23/bin/bin/../../lib\libm-elf.a(divmoddi3.eo)
                  0x0006b6                  ___udivmoddi3
 .libm.__udivdi3
                  0x00079a          0xe c:/program files (x86)/microchip/xc16/v1.23/bin/bin/../../lib\libm-elf.a(divmoddi3.eo)
                  0x00079a                  ___udivdi3
 .libm.__umoddi3
                  0x0007a8          0x8 c:/program files (x86)/microchip/xc16/v1.23/bin/bin/../../lib\libm-elf.a(divmoddi3.eo)
                  0x0007a8                  ___umoddi3
 .libm.__divdi3
                  0x0007b0         0x60 c:/program files (x86)/microchip/xc16/v1.23/bin/bin/../../lib\libm-elf.a(divmoddi3.eo)
                  0x0007b0                  ___divdi3
 .libm.__moddi3
                  0x000810         0x5c c:/program files (x86)/microchip/xc16/v1.23/bin/bin/../../lib\libm-elf.a(divmoddi3.eo)
                  0x000810                  ___moddi3
 .libm.__muldi3
                  0x00086c         0x52 c:/program files (x86)/microchip/xc16/v1.23/bin/bin/../../lib\libm-elf.a(muldi3.eo)
                  0x00086c                  ___muldi3
 .libm.fcompare
                  0x0008be         0x36 c:/program files (x86)/microchip/xc16/v1.23/bin/bin/../../lib\libm-elf.a(fcompare.eo)
                  0x0008be                  __fcompare
 .libm.floatdisf
                  0x0008f4         0x20 c:/program files (x86)/microchip/xc16/v1.23/bin/bin/../../lib\libm-elf.a(floatdisf.eo)
                  0x0008f4                  ___floatdisf
 .libm.floatundisf
                  0x000914         0x5e c:/program files (x86)/microchip/xc16/v1.23/bin/bin/../../lib\libm-elf.a(floatundisf.eo)
                  0x000914                  ___floatundisf
 .libm.funpack    0x000972         0x2a c:/program files (x86)/microchip/xc16/v1.23/bin/bin/../../lib\libm-elf.a(funpack.eo)
                  0x000972                  __funpack
 .libm.umuldi3    0x00099c         0x44 c:/program files (x86)/microchip/xc16/v1.23/bin/bin/../../lib\libm-elf.a(umuldi3.eo)
                  0x00099c                  ___umuldi3
 .libc.strtof     0x0009e0        0x1ee c:/program files (x86)/microchip/xc16/v1.23/bin/bin/../../lib\libc-elf.a(atof.eo)
                  0x0009e0                  _strtof
 .libc.strtod     0x000bce          0x2 c:/program files (x86)/microchip/xc16/v1.23/bin/bin/../../lib\libc-elf.a(atof.eo)
                  0x000bce                  _strtod
 .libc.atof       0x000bd0          0x4 c:/program files (x86)/microchip/xc16/v1.23/bin/bin/../../lib\libc-elf.a(atof.eo)
                  0x000bd0                  _atof
 .libc.memcpy     0x000bd4          0xe c:/program files (x86)/microchip/xc16/v1.23/bin/bin/../../lib\libc-elf.a(memcpy.eo)
                  0x000bd4                  _memcpy
 .libc.memset     0x000be2          0xe c:/program files (x86)/microchip/xc16/v1.23/bin/bin/../../lib\libc-elf.a(memset.eo)
                  0x000be2                  _memset
 .libc.fputs      0x000bf0         0x1c c:/program files (x86)/microchip/xc16/v1.23/bin/bin/../../lib\libc-elf.a(puts.eo)
                  0x000bf0                  _fputs
 .libc.puts       0x000c0c         0x14 c:/program files (x86)/microchip/xc16/v1.23/bin/bin/../../lib\libc-elf.a(puts.eo)
                  0x000c0c                  _puts
 .libc.strcmp     0x000c20          0xe c:/program files (x86)/microchip/xc16/v1.23/bin/bin/../../lib\libc-elf.a(strcmp.eo)
                  0x000c20                  _strcmp
 .libc.strlen     0x000c2e          0xe c:/program files (x86)/microchip/xc16/v1.23/bin/bin/../../lib\libc-elf.a(strlen.eo)
                  0x000c2e                  _strlen
 .libc.strncmp    0x000c3c         0x22 c:/program files (x86)/microchip/xc16/v1.23/bin/bin/../../lib\libc-elf.a(strncmp.eo)
                  0x000c3c                  _strncmp
 .libc.strstr     0x000c5e         0x30 c:/program files (x86)/microchip/xc16/v1.23/bin/bin/../../lib\libc-elf.a(strstr.eo)
                  0x000c5e                  _strstr
 .libc.putchar    0x000c8e          0x4 c:/program files (x86)/microchip/xc16/v1.23/bin/bin/../../lib\libc-elf.a(putchar.eo)
                  0x000c8e                  _putchar
 .libc.strchr     0x000c92         0x1e c:/program files (x86)/microchip/xc16/v1.23/bin/bin/../../lib\libc-elf.a(strchr.elo)
                  0x000c92                  _strchr
 .libc._sprintf_cdfFnopsuxX
                  0x000cb0         0x2c c:/program files (x86)/microchip/xc16/v1.23/bin/bin/../../lib\libc-elf.a(sprintf_cdfFnopsuxX.XXeo)
                  0x000cb0                  __sprintf_cdfFnopuxX
                  0x000cb0                  __sprintf_cdfFnopsuxX
                  0x000cb0                  __sprintf_0
                  0x000cb0                  __sprintf_s
                  0x000cb0                  __sprintf_cdnopuxX
                  0x000cb0                  __sprintf_cdnopsuxX
 .libc.fround     0x000cdc         0xba c:/program files (x86)/microchip/xc16/v1.23/bin/bin/../../lib\libc-elf.a(doprnt_cdfFnopsuxX.XXeo)
 .libc.scale      0x000d96         0xc0 c:/program files (x86)/microchip/xc16/v1.23/bin/bin/../../lib\libc-elf.a(doprnt_cdfFnopsuxX.XXeo)
 .libc._vfprintf_cdfFnopsuxX
                  0x000e56        0xbee c:/program files (x86)/microchip/xc16/v1.23/bin/bin/../../lib\libc-elf.a(doprnt_cdfFnopsuxX.XXeo)
                  0x000e56                  __vfprintf_cdfFnopsuxX
                  0x000e56                  __vfprintf_cdnopuxX
                  0x000e56                  __vfprintf_cdnopsuxX
                  0x000e56                  __vfprintf_cdfFnopuxX
                  0x000e56                  __vfprintf_0
                  0x000e56                  __vfprintf_s
 .libc._printf_cdnopsuxX
                  0x001a44          0xe c:/program files (x86)/microchip/xc16/v1.23/bin/bin/../../lib\libc-elf.a(printf_cdnopsuxX.XXeo)
                  0x001a44                  __printf_cdnopsuxX
 .libc.fputc      0x001a52         0x88 c:/program files (x86)/microchip/xc16/v1.23/bin/bin/../../lib\libc-elf.a(fputc.eo)
                  0x001a52                  _fputc
 .libc._flsbuf    0x001ada         0x84 c:/program files (x86)/microchip/xc16/v1.23/bin/bin/../../lib\libc-elf.a(flsbuf.eo)
                  0x001ada                  __flsbuf
 .libc.dowrite    0x001b5e          0x4 c:/program files (x86)/microchip/xc16/v1.23/bin/bin/../../lib\libpic30-elf.a(write.eo)
 .libm.adddf3     0x001b62         0xfa c:/program files (x86)/microchip/xc16/v1.23/bin/bin/../../lib\libm-elf.a(adddf3.eo)
                  0x001b62                  ___adddf3
 .libm.eqdf2      0x001c5c          0xa c:/program files (x86)/microchip/xc16/v1.23/bin/bin/../../lib\libm-elf.a(deqltle.eo)
                  0x001c5c                  ___eqdf2
                  0x001c5c                  ___ltdf2
                  0x001c5c                  ___ledf2
 .libm.gtdf2      0x001c66          0xa c:/program files (x86)/microchip/xc16/v1.23/bin/bin/../../lib\libm-elf.a(dgtge.eo)
                  0x001c66                  ___gtdf2
                  0x001c66                  ___gedf2
 .libm.divdf3     0x001c70         0xb4 c:/program files (x86)/microchip/xc16/v1.23/bin/bin/../../lib\libm-elf.a(divdf3.eo)
                  0x001c70                  ___divdf3
 .libm.nedf2      0x001d24          0xa c:/program files (x86)/microchip/xc16/v1.23/bin/bin/../../lib\libm-elf.a(dne.eo)
                  0x001d24                  ___nedf2
 .libm.dpack      0x001d2e         0x58 c:/program files (x86)/microchip/xc16/v1.23/bin/bin/../../lib\libm-elf.a(dpack.eo)
                  0x001d2e                  __dpack
 .libm.dunpack2
                  0x001d86         0x32 c:/program files (x86)/microchip/xc16/v1.23/bin/bin/../../lib\libm-elf.a(dunpack2.eo)
                  0x001d86                  __dunpack2
                  0x001da8                  __dreturnNaN
                  0x001dae                  __dunpack2exit
 .libm.extendsfdf2
                  0x001db8         0x3e c:/program files (x86)/microchip/xc16/v1.23/bin/bin/../../lib\libm-elf.a(extendsfdf.eo)
                  0x001db8                  ___extendsfdf2
 .libm.gtsf2      0x001df6          0x4 c:/program files (x86)/microchip/xc16/v1.23/bin/bin/../../lib\libm-elf.a(fgtge.eo)
                  0x001df6                  ___gesf2
                  0x001df6                  ___gtsf2
 .libm.fixunsdfdi
                  0x001dfa         0x62 c:/program files (x86)/microchip/xc16/v1.23/bin/bin/../../lib\libm-elf.a(fixunsdfdi.eo)
                  0x001dfa                  ___fixunsdfdi
 .libm.floatundidf
                  0x001e5c         0x56 c:/program files (x86)/microchip/xc16/v1.23/bin/bin/../../lib\libm-elf.a(floatundidf.eo)
                  0x001e5c                  ___floatundidf
 .libm.frexp      0x001eb2         0x3a c:/program files (x86)/microchip/xc16/v1.23/bin/bin/../../lib\libm-elf.a(frexp.eo)
                  0x001eb2                  _frexp
                  0x001eb2                  _frexpl
 .libm.muldf3     0x001eec         0xea c:/program files (x86)/microchip/xc16/v1.23/bin/bin/../../lib\libm-elf.a(muldf3.eo)
                  0x001eec                  ___muldf3
 .libm.mulsf3     0x001fd6         0x68 c:/program files (x86)/microchip/xc16/v1.23/bin/bin/../../lib\libm-elf.a(mulsf3.eo)
                  0x001fd6                  ___mulsf3
 .libm.subdf3     0x00203e          0x4 c:/program files (x86)/microchip/xc16/v1.23/bin/bin/../../lib\libm-elf.a(subdf3.eo)
                  0x00203e                  ___subdf3
 .libm.mulsi3     0x002042          0xc c:/program files (x86)/microchip/xc16/v1.23/bin/bin/../../lib\libm-elf.a(mulsi3.eo)
                  0x002042                  ___mulp32peds3
                  0x002042                  ___mulsi3
                  0x002042                  ___mulp32eds3
 .libm.dcompare
                  0x00204e         0x52 c:/program files (x86)/microchip/xc16/v1.23/bin/bin/../../lib\libm-elf.a(dcompare.eo)
                  0x00204e                  __dcompare
 .libm.dPropagateNaN
                  0x0020a0         0x1c c:/program files (x86)/microchip/xc16/v1.23/bin/bin/../../lib\libm-elf.a(dpropagateNaN.eo)
                  0x0020a0                  __dPropagateNaN
 .libm.dtype      0x0020bc         0x24 c:/program files (x86)/microchip/xc16/v1.23/bin/bin/../../lib\libm-elf.a(dtype.eo)
                  0x0020bc                  __dtype
 .libm.dunpack    0x0020e0         0x4e c:/program files (x86)/microchip/xc16/v1.23/bin/bin/../../lib\libm-elf.a(dunpack.eo)
                  0x0020e0                  __dunpack

usercode
 *(usercode)

__CONFIG4
 *(__CONFIG4.sec*)

__CONFIG3
 *(__CONFIG3.sec*)

__CONFIG2
 *(__CONFIG2.sec*)

__CONFIG1
 *(__CONFIG1.sec*)

.comment
 *(.comment)

.debug_info       0x000000       0xf888
 *(.debug_info)
 .debug_info      0x000000       0x113a build/default/debug/mcc_generated_files/uart3.o
 .debug_info      0x00113a       0x1313 build/default/debug/mcc_generated_files/uart2.o
 .debug_info      0x00244d       0x1365 build/default/debug/mcc_generated_files/uart1.o
 .debug_info      0x0037b2        0xc9c build/default/debug/mcc_generated_files/adc1.o
 .debug_info      0x00444e       0x13b2 build/default/debug/mcc_generated_files/pin_manager.o
 .debug_info      0x005800        0xd5c build/default/debug/mcc_generated_files/interrupt_manager.o
 .debug_info      0x00655c        0x20c build/default/debug/mcc_generated_files/mcc.o
 .debug_info      0x006768        0x98b build/default/debug/mcc_generated_files/spi1.o
 .debug_info      0x0070f3        0x94e build/default/debug/mcc_generated_files/tmr2.o
 .debug_info      0x007a41        0xacb build/default/debug/mcc_generated_files/tmr1.o
 .debug_info      0x00850c       0x1457 build/default/debug/mcc_generated_files/i2c2.o
 .debug_info      0x009963       0x113a build/default/debug/mcc_generated_files/uart4.o
 .debug_info      0x00aa9d        0xca2 build/default/debug/utests/seatest.o
 .debug_info      0x00b73f        0x1d3 build/default/debug/utests/unit.o
 .debug_info      0x00b912        0x356 build/default/debug/main.o
 .debug_info      0x00bc68        0x581 build/default/debug/barometer.o
 .debug_info      0x00c1e9        0x462 build/default/debug/debug.o
 .debug_info      0x00c64b        0x39f build/default/debug/compass.o
 .debug_info      0x00c9ea        0x73c build/default/debug/gps.o
 .debug_info      0x00d126        0x483 build/default/debug/traps.o
 .debug_info      0x00d5a9        0x5ea build/default/debug/relay.o
 .debug_info      0x00db93        0xc05 build/default/debug/inject.o
 .debug_info      0x00e798        0x420 build/default/debug/CircularBuffer.o
 .debug_info      0x00ebb8        0x4bd build/default/debug/timers.o
 .debug_info      0x00f075        0x813 build/default/debug/Parsing.o
 *(.gnu.linkonce.wi.*)

.debug_abbrev     0x000000       0x1ec7
 *(.debug_abbrev)
 .debug_abbrev    0x000000        0x1f7 build/default/debug/mcc_generated_files/uart3.o
 .debug_abbrev    0x0001f7        0x1f7 build/default/debug/mcc_generated_files/uart2.o
 .debug_abbrev    0x0003ee        0x1f7 build/default/debug/mcc_generated_files/uart1.o
 .debug_abbrev    0x0005e5        0x165 build/default/debug/mcc_generated_files/adc1.o
 .debug_abbrev    0x00074a         0xb8 build/default/debug/mcc_generated_files/pin_manager.o
 .debug_abbrev    0x000802         0xa7 build/default/debug/mcc_generated_files/interrupt_manager.o
 .debug_abbrev    0x0008a9         0x4c build/default/debug/mcc_generated_files/mcc.o
 .debug_abbrev    0x0008f5        0x1a9 build/default/debug/mcc_generated_files/spi1.o
 .debug_abbrev    0x000a9e        0x15d build/default/debug/mcc_generated_files/tmr2.o
 .debug_abbrev    0x000bfb        0x187 build/default/debug/mcc_generated_files/tmr1.o
 .debug_abbrev    0x000d82        0x212 build/default/debug/mcc_generated_files/i2c2.o
 .debug_abbrev    0x000f94        0x1f7 build/default/debug/mcc_generated_files/uart4.o
 .debug_abbrev    0x00118b         0xcf build/default/debug/utests/seatest.o
 .debug_abbrev    0x00125a         0x9a build/default/debug/utests/unit.o
 .debug_abbrev    0x0012f4         0xeb build/default/debug/main.o
 .debug_abbrev    0x0013df        0x13b build/default/debug/barometer.o
 .debug_abbrev    0x00151a         0xc2 build/default/debug/debug.o
 .debug_abbrev    0x0015dc         0xb8 build/default/debug/compass.o
 .debug_abbrev    0x001694        0x1ab build/default/debug/gps.o
 .debug_abbrev    0x00183f         0x7d build/default/debug/traps.o
 .debug_abbrev    0x0018bc        0x149 build/default/debug/relay.o
 .debug_abbrev    0x001a05        0x1c0 build/default/debug/inject.o
 .debug_abbrev    0x001bc5         0xb4 build/default/debug/CircularBuffer.o
 .debug_abbrev    0x001c79        0x12a build/default/debug/timers.o
 .debug_abbrev    0x001da3        0x124 build/default/debug/Parsing.o

.debug_line       0x000000       0x6347
 *(.debug_line)
 .debug_line      0x000000        0x7de build/default/debug/mcc_generated_files/uart3.o
 .debug_line      0x0007de        0x806 build/default/debug/mcc_generated_files/uart2.o
 .debug_line      0x000fe4        0x806 build/default/debug/mcc_generated_files/uart1.o
 .debug_line      0x0017ea        0x378 build/default/debug/mcc_generated_files/adc1.o
 .debug_line      0x001b62        0x171 build/default/debug/mcc_generated_files/pin_manager.o
 .debug_line      0x001cd3        0x117 build/default/debug/mcc_generated_files/interrupt_manager.o
 .debug_line      0x001dea        0x143 build/default/debug/mcc_generated_files/mcc.o
 .debug_line      0x001f2d        0x575 build/default/debug/mcc_generated_files/spi1.o
 .debug_line      0x0024a2        0x449 build/default/debug/mcc_generated_files/tmr2.o
 .debug_line      0x0028eb        0x447 build/default/debug/mcc_generated_files/tmr1.o
 .debug_line      0x002d32        0x833 build/default/debug/mcc_generated_files/i2c2.o
 .debug_line      0x003565        0x7de build/default/debug/mcc_generated_files/uart4.o
 .debug_line      0x003d43        0x5be build/default/debug/utests/seatest.o
 .debug_line      0x004301         0xe5 build/default/debug/utests/unit.o
 .debug_line      0x0043e6        0x154 build/default/debug/main.o
 .debug_line      0x00453a        0x3c6 build/default/debug/barometer.o
 .debug_line      0x004900        0x22f build/default/debug/debug.o
 .debug_line      0x004b2f        0x178 build/default/debug/compass.o
 .debug_line      0x004ca7        0x5a0 build/default/debug/gps.o
 .debug_line      0x005247        0x1b7 build/default/debug/traps.o
 .debug_line      0x0053fe        0x37e build/default/debug/relay.o
 .debug_line      0x00577c        0x635 build/default/debug/inject.o
 .debug_line      0x005db1        0x1f0 build/default/debug/CircularBuffer.o
 .debug_line      0x005fa1        0x1e8 build/default/debug/timers.o
 .debug_line      0x006189        0x1be build/default/debug/Parsing.o

.debug_frame      0x000000       0x17dc
 *(.debug_frame)
 .debug_frame     0x000000        0x1d4 build/default/debug/mcc_generated_files/uart3.o
 .debug_frame     0x0001d4        0x1d4 build/default/debug/mcc_generated_files/uart2.o
 .debug_frame     0x0003a8        0x1d4 build/default/debug/mcc_generated_files/uart1.o
 .debug_frame     0x00057c        0x114 build/default/debug/mcc_generated_files/adc1.o
 .debug_frame     0x000690         0x24 build/default/debug/mcc_generated_files/pin_manager.o
 .debug_frame     0x0006b4         0x24 build/default/debug/mcc_generated_files/interrupt_manager.o
 .debug_frame     0x0006d8         0x34 build/default/debug/mcc_generated_files/mcc.o
 .debug_frame     0x00070c         0x84 build/default/debug/mcc_generated_files/spi1.o
 .debug_frame     0x000790        0x174 build/default/debug/mcc_generated_files/tmr2.o
 .debug_frame     0x000904        0x164 build/default/debug/mcc_generated_files/tmr1.o
 .debug_frame     0x000a68        0x154 build/default/debug/mcc_generated_files/i2c2.o
 .debug_frame     0x000bbc        0x1d4 build/default/debug/mcc_generated_files/uart4.o
 .debug_frame     0x000d90        0x458 build/default/debug/utests/seatest.o
 .debug_frame     0x0011e8         0x54 build/default/debug/utests/unit.o
 .debug_frame     0x00123c         0x24 build/default/debug/main.o
 .debug_frame     0x001260        0x130 build/default/debug/barometer.o
 .debug_frame     0x001390         0x54 build/default/debug/debug.o
 .debug_frame     0x0013e4         0x78 build/default/debug/compass.o
 .debug_frame     0x00145c         0xe8 build/default/debug/gps.o
 .debug_frame     0x001544         0xa4 build/default/debug/traps.o
 .debug_frame     0x0015e8         0x84 build/default/debug/relay.o
 .debug_frame     0x00166c         0x64 build/default/debug/inject.o
 .debug_frame     0x0016d0         0x84 build/default/debug/CircularBuffer.o
 .debug_frame     0x001754         0x54 build/default/debug/timers.o
 .debug_frame     0x0017a8         0x34 build/default/debug/Parsing.o

.debug_str        0x000000        0x4bb
 *(.debug_str)
 .debug_str       0x000000         0x2a build/default/debug/mcc_generated_files/uart3.o
 .debug_str       0x00002a         0x33 build/default/debug/mcc_generated_files/uart2.o
 .debug_str       0x00005d         0x33 build/default/debug/mcc_generated_files/uart1.o
 .debug_str       0x000090         0x2a build/default/debug/mcc_generated_files/adc1.o
 .debug_str       0x0000ba         0x79 build/default/debug/mcc_generated_files/pin_manager.o
 .debug_str       0x000133         0x42 build/default/debug/mcc_generated_files/interrupt_manager.o
 .debug_str       0x000175         0x8e build/default/debug/mcc_generated_files/spi1.o
 .debug_str       0x000203         0x19 build/default/debug/mcc_generated_files/tmr2.o
 .debug_str       0x00021c         0x22 build/default/debug/mcc_generated_files/tmr1.o
 .debug_str       0x00023e         0x65 build/default/debug/mcc_generated_files/i2c2.o
 .debug_str       0x0002a3         0x2a build/default/debug/mcc_generated_files/uart4.o
 .debug_str       0x0002cd         0x27 build/default/debug/utests/seatest.o
 .debug_str       0x0002f4         0x12 build/default/debug/main.o
 .debug_str       0x000306          0x9 build/default/debug/barometer.o
 .debug_str       0x00030f          0xc build/default/debug/compass.o
 .debug_str       0x00031b         0x42 build/default/debug/gps.o
 .debug_str       0x00035d         0x15 build/default/debug/traps.o
 .debug_str       0x000372         0x21 build/default/debug/relay.o
 .debug_str       0x000393         0x9d build/default/debug/inject.o
 .debug_str       0x000430         0x28 build/default/debug/timers.o
 .debug_str       0x000458         0x63 build/default/debug/Parsing.o

.debug_loc
 *(.debug_loc)

.debug_macinfo
 *(.debug_macinfo)

.debug_pubnames
                  0x000000       0x1dc3
 *(.debug_pubnames)
 .debug_pubnames
                  0x000000        0x2cc build/default/debug/mcc_generated_files/uart3.o
 .debug_pubnames
                  0x0002cc        0x2cc build/default/debug/mcc_generated_files/uart2.o
 .debug_pubnames
                  0x000598        0x2cc build/default/debug/mcc_generated_files/uart1.o
 .debug_pubnames
                  0x000864        0x190 build/default/debug/mcc_generated_files/adc1.o
 .debug_pubnames
                  0x0009f4         0x2d build/default/debug/mcc_generated_files/pin_manager.o
 .debug_pubnames
                  0x000a21         0x2b build/default/debug/mcc_generated_files/interrupt_manager.o
 .debug_pubnames
                  0x000a4c         0x42 build/default/debug/mcc_generated_files/mcc.o
 .debug_pubnames
                  0x000a8e         0xae build/default/debug/mcc_generated_files/spi1.o
 .debug_pubnames
                  0x000b3c        0x24e build/default/debug/mcc_generated_files/tmr2.o
 .debug_pubnames
                  0x000d8a        0x21f build/default/debug/mcc_generated_files/tmr1.o
 .debug_pubnames
                  0x000fa9        0x1e9 build/default/debug/mcc_generated_files/i2c2.o
 .debug_pubnames
                  0x001192        0x2cc build/default/debug/mcc_generated_files/uart4.o
 .debug_pubnames
                  0x00145e        0x31a build/default/debug/utests/seatest.o
 .debug_pubnames
                  0x001778         0x5c build/default/debug/utests/unit.o
 .debug_pubnames
                  0x0017d4         0x47 build/default/debug/main.o
 .debug_pubnames
                  0x00181b         0xb1 build/default/debug/barometer.o
 .debug_pubnames
                  0x0018cc         0x56 build/default/debug/debug.o
 .debug_pubnames
                  0x001922         0x57 build/default/debug/compass.o
 .debug_pubnames
                  0x001979         0xfb build/default/debug/gps.o
 .debug_pubnames
                  0x001a74         0xbe build/default/debug/traps.o
 .debug_pubnames
                  0x001b32         0xba build/default/debug/relay.o
 .debug_pubnames
                  0x001bec         0x4f build/default/debug/inject.o
 .debug_pubnames
                  0x001c3b         0xc0 build/default/debug/CircularBuffer.o
 .debug_pubnames
                  0x001cfb         0x6a build/default/debug/timers.o
 .debug_pubnames
                  0x001d65         0x5e build/default/debug/Parsing.o

.debug_ranges
 *(.debug_ranges)

.debug_aranges    0x000000        0x258
 *(.debug_aranges)
 .debug_aranges
                  0x000000         0x18 build/default/debug/mcc_generated_files/uart3.o
 .debug_aranges
                  0x000018         0x18 build/default/debug/mcc_generated_files/uart2.o
 .debug_aranges
                  0x000030         0x18 build/default/debug/mcc_generated_files/uart1.o
 .debug_aranges
                  0x000048         0x18 build/default/debug/mcc_generated_files/adc1.o
 .debug_aranges
                  0x000060         0x18 build/default/debug/mcc_generated_files/pin_manager.o
 .debug_aranges
                  0x000078         0x18 build/default/debug/mcc_generated_files/interrupt_manager.o
 .debug_aranges
                  0x000090         0x18 build/default/debug/mcc_generated_files/mcc.o
 .debug_aranges
                  0x0000a8         0x18 build/default/debug/mcc_generated_files/spi1.o
 .debug_aranges
                  0x0000c0         0x18 build/default/debug/mcc_generated_files/tmr2.o
 .debug_aranges
                  0x0000d8         0x18 build/default/debug/mcc_generated_files/tmr1.o
 .debug_aranges
                  0x0000f0         0x18 build/default/debug/mcc_generated_files/i2c2.o
 .debug_aranges
                  0x000108         0x18 build/default/debug/mcc_generated_files/uart4.o
 .debug_aranges
                  0x000120         0x18 build/default/debug/utests/seatest.o
 .debug_aranges
                  0x000138         0x18 build/default/debug/utests/unit.o
 .debug_aranges
                  0x000150         0x18 build/default/debug/main.o
 .debug_aranges
                  0x000168         0x18 build/default/debug/barometer.o
 .debug_aranges
                  0x000180         0x18 build/default/debug/debug.o
 .debug_aranges
                  0x000198         0x18 build/default/debug/compass.o
 .debug_aranges
                  0x0001b0         0x18 build/default/debug/gps.o
 .debug_aranges
                  0x0001c8         0x18 build/default/debug/traps.o
 .debug_aranges
                  0x0001e0         0x18 build/default/debug/relay.o
 .debug_aranges
                  0x0001f8         0x18 build/default/debug/inject.o
 .debug_aranges
                  0x000210         0x18 build/default/debug/CircularBuffer.o
 .debug_aranges
                  0x000228         0x18 build/default/debug/timers.o
 .debug_aranges
                  0x000240         0x18 build/default/debug/Parsing.o

.ivt              0x000004         0xfc
                  0x000004          0x4 LONG 0x38a DEFINED (__ReservedTrap0)?ABSOLUTE (__ReservedTrap0):ABSOLUTE (__DefaultInterrupt)
                  0x000006          0x4 LONG 0x2d2 DEFINED (__OscillatorFail)?ABSOLUTE (__OscillatorFail):ABSOLUTE (__DefaultInterrupt)
                  0x000008          0x4 LONG 0x2f8 DEFINED (__AddressError)?ABSOLUTE (__AddressError):ABSOLUTE (__DefaultInterrupt)
                  0x00000a          0x4 LONG 0x31e DEFINED (__StackError)?ABSOLUTE (__StackError):ABSOLUTE (__DefaultInterrupt)
                  0x00000c          0x4 LONG 0x344 DEFINED (__MathError)?ABSOLUTE (__MathError):ABSOLUTE (__DefaultInterrupt)
                  0x00000e          0x4 LONG 0x38a DEFINED (__ReservedTrap5)?ABSOLUTE (__ReservedTrap5):ABSOLUTE (__DefaultInterrupt)
                  0x000010          0x4 LONG 0x38a DEFINED (__ReservedTrap6)?ABSOLUTE (__ReservedTrap6):ABSOLUTE (__DefaultInterrupt)
                  0x000012          0x4 LONG 0x38a DEFINED (__ReservedTrap7)?ABSOLUTE (__ReservedTrap7):ABSOLUTE (__DefaultInterrupt)
                  0x000014          0x4 LONG 0x38a DEFINED (__INT0Interrupt)?ABSOLUTE (__INT0Interrupt):ABSOLUTE (__DefaultInterrupt)
                  0x000016          0x4 LONG 0x38a DEFINED (__IC1Interrupt)?ABSOLUTE (__IC1Interrupt):ABSOLUTE (__DefaultInterrupt)
                  0x000018          0x4 LONG 0x38a DEFINED (__OC1Interrupt)?ABSOLUTE (__OC1Interrupt):ABSOLUTE (__DefaultInterrupt)
                  0x00001a          0x4 LONG 0x5682 DEFINED (__T1Interrupt)?ABSOLUTE (__T1Interrupt):ABSOLUTE (__DefaultInterrupt)
                  0x00001c          0x4 LONG 0x38a DEFINED (__DMA0Interrupt)?ABSOLUTE (__DMA0Interrupt):ABSOLUTE (__DefaultInterrupt)
                  0x00001e          0x4 LONG 0x38a DEFINED (__IC2Interrupt)?ABSOLUTE (__IC2Interrupt):ABSOLUTE (__DefaultInterrupt)
                  0x000020          0x4 LONG 0x38a DEFINED (__OC2Interrupt)?ABSOLUTE (__OC2Interrupt):ABSOLUTE (__DefaultInterrupt)
                  0x000022          0x4 LONG 0x38a DEFINED (__T2Interrupt)?ABSOLUTE (__T2Interrupt):ABSOLUTE (__DefaultInterrupt)
                  0x000024          0x4 LONG 0x38a DEFINED (__T3Interrupt)?ABSOLUTE (__T3Interrupt):ABSOLUTE (__DefaultInterrupt)
                  0x000026          0x4 LONG 0x38a DEFINED (__SPI1Interrupt)?ABSOLUTE (__SPI1Interrupt):ABSOLUTE (__DefaultInterrupt)
                  0x000028          0x4 LONG 0x38a DEFINED (__SPI1TXInterrupt)?ABSOLUTE (__SPI1TXInterrupt):ABSOLUTE (__DefaultInterrupt)
                  0x00002a          0x4 LONG 0x4402 DEFINED (__U1RXInterrupt)?ABSOLUTE (__U1RXInterrupt):ABSOLUTE (__DefaultInterrupt)
                  0x00002c          0x4 LONG 0x43a4 DEFINED (__U1TXInterrupt)?ABSOLUTE (__U1TXInterrupt):ABSOLUTE (__DefaultInterrupt)
                  0x00002e          0x4 LONG 0x38a DEFINED (__ADC1Interrupt)?ABSOLUTE (__ADC1Interrupt):ABSOLUTE (__DefaultInterrupt)
                  0x000030          0x4 LONG 0x38a DEFINED (__DMA1Interrupt)?ABSOLUTE (__DMA1Interrupt):ABSOLUTE (__DefaultInterrupt)
                  0x000032          0x4 LONG 0x38a DEFINED (__Interrupt15)?ABSOLUTE (__Interrupt15):ABSOLUTE (__DefaultInterrupt)
                  0x000034          0x4 LONG 0x38a DEFINED (__SI2C1Interrupt)?ABSOLUTE (__SI2C1Interrupt):ABSOLUTE (__DefaultInterrupt)
                  0x000036          0x4 LONG 0x38a DEFINED (__MI2C1Interrupt)?ABSOLUTE (__MI2C1Interrupt):ABSOLUTE (__DefaultInterrupt)
                  0x000038          0x4 LONG 0x38a DEFINED (__CompInterrupt)?ABSOLUTE (__CompInterrupt):ABSOLUTE (__DefaultInterrupt)
                  0x00003a          0x4 LONG 0x38a DEFINED (__CNInterrupt)?ABSOLUTE (__CNInterrupt):ABSOLUTE (__DefaultInterrupt)
                  0x00003c          0x4 LONG 0x38a DEFINED (__INT1Interrupt)?ABSOLUTE (__INT1Interrupt):ABSOLUTE (__DefaultInterrupt)
                  0x00003e          0x4 LONG 0x38a DEFINED (__Interrupt21)?ABSOLUTE (__Interrupt21):ABSOLUTE (__DefaultInterrupt)
                  0x000040          0x4 LONG 0x38a DEFINED (__Interrupt22)?ABSOLUTE (__Interrupt22):ABSOLUTE (__DefaultInterrupt)
                  0x000042          0x4 LONG 0x38a DEFINED (__Interrupt23)?ABSOLUTE (__Interrupt23):ABSOLUTE (__DefaultInterrupt)
                  0x000044          0x4 LONG 0x38a DEFINED (__DMA2Interrupt)?ABSOLUTE (__DMA2Interrupt):ABSOLUTE (__DefaultInterrupt)
                  0x000046          0x4 LONG 0x38a DEFINED (__OC3Interrupt)?ABSOLUTE (__OC3Interrupt):ABSOLUTE (__DefaultInterrupt)
                  0x000048          0x4 LONG 0x38a DEFINED (__OC4Interrupt)?ABSOLUTE (__OC4Interrupt):ABSOLUTE (__DefaultInterrupt)
                  0x00004a          0x4 LONG 0x38a DEFINED (__T4Interrupt)?ABSOLUTE (__T4Interrupt):ABSOLUTE (__DefaultInterrupt)
                  0x00004c          0x4 LONG 0x38a DEFINED (__T5Interrupt)?ABSOLUTE (__T5Interrupt):ABSOLUTE (__DefaultInterrupt)
                  0x00004e          0x4 LONG 0x38a DEFINED (__INT2Interrupt)?ABSOLUTE (__INT2Interrupt):ABSOLUTE (__DefaultInterrupt)
                  0x000050          0x4 LONG 0x4070 DEFINED (__U2RXInterrupt)?ABSOLUTE (__U2RXInterrupt):ABSOLUTE (__DefaultInterrupt)
                  0x000052          0x4 LONG 0x4012 DEFINED (__U2TXInterrupt)?ABSOLUTE (__U2TXInterrupt):ABSOLUTE (__DefaultInterrupt)
                  0x000054          0x4 LONG 0x38a DEFINED (__SPI2Interrupt)?ABSOLUTE (__SPI2Interrupt):ABSOLUTE (__DefaultInterrupt)
                  0x000056          0x4 LONG 0x38a DEFINED (__SPI2TXInterrupt)?ABSOLUTE (__SPI2TXInterrupt):ABSOLUTE (__DefaultInterrupt)
                  0x000058          0x4 LONG 0x38a DEFINED (__Interrupt34)?ABSOLUTE (__Interrupt34):ABSOLUTE (__DefaultInterrupt)
                  0x00005a          0x4 LONG 0x38a DEFINED (__Interrupt35)?ABSOLUTE (__Interrupt35):ABSOLUTE (__DefaultInterrupt)
                  0x00005c          0x4 LONG 0x38a DEFINED (__DMA3Interrupt)?ABSOLUTE (__DMA3Interrupt):ABSOLUTE (__DefaultInterrupt)
                  0x00005e          0x4 LONG 0x38a DEFINED (__IC3Interrupt)?ABSOLUTE (__IC3Interrupt):ABSOLUTE (__DefaultInterrupt)
                  0x000060          0x4 LONG 0x38a DEFINED (__IC4Interrupt)?ABSOLUTE (__IC4Interrupt):ABSOLUTE (__DefaultInterrupt)
                  0x000062          0x4 LONG 0x38a DEFINED (__IC5Interrupt)?ABSOLUTE (__IC5Interrupt):ABSOLUTE (__DefaultInterrupt)
                  0x000064          0x4 LONG 0x38a DEFINED (__IC6Interrupt)?ABSOLUTE (__IC6Interrupt):ABSOLUTE (__DefaultInterrupt)
                  0x000066          0x4 LONG 0x38a DEFINED (__OC5Interrupt)?ABSOLUTE (__OC5Interrupt):ABSOLUTE (__DefaultInterrupt)
                  0x000068          0x4 LONG 0x38a DEFINED (__OC6Interrupt)?ABSOLUTE (__OC6Interrupt):ABSOLUTE (__DefaultInterrupt)
                  0x00006a          0x4 LONG 0x38a DEFINED (__Interrupt43)?ABSOLUTE (__Interrupt43):ABSOLUTE (__DefaultInterrupt)
                  0x00006c          0x4 LONG 0x38a DEFINED (__Interrupt44)?ABSOLUTE (__Interrupt44):ABSOLUTE (__DefaultInterrupt)
                  0x00006e          0x4 LONG 0x38a DEFINED (__PMPInterrupt)?ABSOLUTE (__PMPInterrupt):ABSOLUTE (__DefaultInterrupt)
                  0x000070          0x4 LONG 0x38a DEFINED (__DMA4Interrupt)?ABSOLUTE (__DMA4Interrupt):ABSOLUTE (__DefaultInterrupt)
                  0x000072          0x4 LONG 0x38a DEFINED (__Interrupt47)?ABSOLUTE (__Interrupt47):ABSOLUTE (__DefaultInterrupt)
                  0x000074          0x4 LONG 0x38a DEFINED (__Interrupt48)?ABSOLUTE (__Interrupt48):ABSOLUTE (__DefaultInterrupt)
                  0x000076          0x4 LONG 0x38a DEFINED (__SI2C2Interrupt)?ABSOLUTE (__SI2C2Interrupt):ABSOLUTE (__DefaultInterrupt)
                  0x000078          0x4 LONG 0x36f4 DEFINED (__MI2C2Interrupt)?ABSOLUTE (__MI2C2Interrupt):ABSOLUTE (__DefaultInterrupt)
                  0x00007a          0x4 LONG 0x38a DEFINED (__Interrupt51)?ABSOLUTE (__Interrupt51):ABSOLUTE (__DefaultInterrupt)
                  0x00007c          0x4 LONG 0x38a DEFINED (__Interrupt52)?ABSOLUTE (__Interrupt52):ABSOLUTE (__DefaultInterrupt)
                  0x00007e          0x4 LONG 0x38a DEFINED (__INT3Interrupt)?ABSOLUTE (__INT3Interrupt):ABSOLUTE (__DefaultInterrupt)
                  0x000080          0x4 LONG 0x38a DEFINED (__INT4Interrupt)?ABSOLUTE (__INT4Interrupt):ABSOLUTE (__DefaultInterrupt)
                  0x000082          0x4 LONG 0x38a DEFINED (__CRYPTOInterrupt)?ABSOLUTE (__CRYPTOInterrupt):ABSOLUTE (__DefaultInterrupt)
                  0x000084          0x4 LONG 0x38a DEFINED (__CRYPTOKeyInterrupt)?ABSOLUTE (__CRYPTOKeyInterrupt):ABSOLUTE (__DefaultInterrupt)
                  0x000086          0x4 LONG 0x38a DEFINED (__Interrupt57)?ABSOLUTE (__Interrupt57):ABSOLUTE (__DefaultInterrupt)
                  0x000088          0x4 LONG 0x38a DEFINED (__SPI1RXInterrupt)?ABSOLUTE (__SPI1RXInterrupt):ABSOLUTE (__DefaultInterrupt)
                  0x00008a          0x4 LONG 0x38a DEFINED (__SPI2RXInterrupt)?ABSOLUTE (__SPI2RXInterrupt):ABSOLUTE (__DefaultInterrupt)
                  0x00008c          0x4 LONG 0x38a DEFINED (__SPI3RXInterrupt)?ABSOLUTE (__SPI3RXInterrupt):ABSOLUTE (__DefaultInterrupt)
                  0x00008e          0x4 LONG 0x38a DEFINED (__DMA5Interrupt)?ABSOLUTE (__DMA5Interrupt):ABSOLUTE (__DefaultInterrupt)
                  0x000090          0x4 LONG 0x38a DEFINED (__RTCCInterrupt)?ABSOLUTE (__RTCCInterrupt):ABSOLUTE (__DefaultInterrupt)
                  0x000092          0x4 LONG 0x38a DEFINED (__Interrupt63)?ABSOLUTE (__Interrupt63):ABSOLUTE (__DefaultInterrupt)
                  0x000094          0x4 LONG 0x38a DEFINED (__Interrupt64)?ABSOLUTE (__Interrupt64):ABSOLUTE (__DefaultInterrupt)
                  0x000096          0x4 LONG 0x38a DEFINED (__U1ErrInterrupt)?ABSOLUTE (__U1ErrInterrupt):ABSOLUTE (__DefaultInterrupt)
                  0x000098          0x4 LONG 0x38a DEFINED (__U2ErrInterrupt)?ABSOLUTE (__U2ErrInterrupt):ABSOLUTE (__DefaultInterrupt)
                  0x00009a          0x4 LONG 0x38a DEFINED (__CRCInterrupt)?ABSOLUTE (__CRCInterrupt):ABSOLUTE (__DefaultInterrupt)
                  0x00009c          0x4 LONG 0x38a DEFINED (__Interrupt68)?ABSOLUTE (__Interrupt68):ABSOLUTE (__DefaultInterrupt)
                  0x00009e          0x4 LONG 0x38a DEFINED (__Interrupt69)?ABSOLUTE (__Interrupt69):ABSOLUTE (__DefaultInterrupt)
                  0x0000a0          0x4 LONG 0x38a DEFINED (__Interrupt70)?ABSOLUTE (__Interrupt70):ABSOLUTE (__DefaultInterrupt)
                  0x0000a2          0x4 LONG 0x38a DEFINED (__Interrupt71)?ABSOLUTE (__Interrupt71):ABSOLUTE (__DefaultInterrupt)
                  0x0000a4          0x4 LONG 0x38a DEFINED (__LVDInterrupt)?ABSOLUTE (__LVDInterrupt):ABSOLUTE (__DefaultInterrupt)
                  0x0000a6          0x4 LONG 0x38a DEFINED (__Interrupt73)?ABSOLUTE (__Interrupt73):ABSOLUTE (__DefaultInterrupt)
                  0x0000a8          0x4 LONG 0x38a DEFINED (__Interrupt74)?ABSOLUTE (__Interrupt74):ABSOLUTE (__DefaultInterrupt)
                  0x0000aa          0x4 LONG 0x38a DEFINED (__Interrupt75)?ABSOLUTE (__Interrupt75):ABSOLUTE (__DefaultInterrupt)
                  0x0000ac          0x4 LONG 0x38a DEFINED (__Interrupt76)?ABSOLUTE (__Interrupt76):ABSOLUTE (__DefaultInterrupt)
                  0x0000ae          0x4 LONG 0x38a DEFINED (__CTMUInterrupt)?ABSOLUTE (__CTMUInterrupt):ABSOLUTE (__DefaultInterrupt)
                  0x0000b0          0x4 LONG 0x38a DEFINED (__Interrupt78)?ABSOLUTE (__Interrupt78):ABSOLUTE (__DefaultInterrupt)
                  0x0000b2          0x4 LONG 0x38a DEFINED (__Interrupt79)?ABSOLUTE (__Interrupt79):ABSOLUTE (__DefaultInterrupt)
                  0x0000b4          0x4 LONG 0x38a DEFINED (__Interrupt80)?ABSOLUTE (__Interrupt80):ABSOLUTE (__DefaultInterrupt)
                  0x0000b6          0x4 LONG 0x38a DEFINED (__U3ErrInterrupt)?ABSOLUTE (__U3ErrInterrupt):ABSOLUTE (__DefaultInterrupt)
                  0x0000b8          0x4 LONG 0x4afe DEFINED (__U3RXInterrupt)?ABSOLUTE (__U3RXInterrupt):ABSOLUTE (__DefaultInterrupt)
                  0x0000ba          0x4 LONG 0x4aa0 DEFINED (__U3TXInterrupt)?ABSOLUTE (__U3TXInterrupt):ABSOLUTE (__DefaultInterrupt)
                  0x0000bc          0x4 LONG 0x38a DEFINED (__I2C1BCLInterrupt)?ABSOLUTE (__I2C1BCLInterrupt):ABSOLUTE (__DefaultInterrupt)
                  0x0000be          0x4 LONG 0x38a DEFINED (__I2C2BCLInterrupt)?ABSOLUTE (__I2C2BCLInterrupt):ABSOLUTE (__DefaultInterrupt)
                  0x0000c0          0x4 LONG 0x38a DEFINED (__USB1Interrupt)?ABSOLUTE (__USB1Interrupt):ABSOLUTE (__DefaultInterrupt)
                  0x0000c2          0x4 LONG 0x38a DEFINED (__U4ErrInterrupt)?ABSOLUTE (__U4ErrInterrupt):ABSOLUTE (__DefaultInterrupt)
                  0x0000c4          0x4 LONG 0x4780 DEFINED (__U4RXInterrupt)?ABSOLUTE (__U4RXInterrupt):ABSOLUTE (__DefaultInterrupt)
                  0x0000c6          0x4 LONG 0x4722 DEFINED (__U4TXInterrupt)?ABSOLUTE (__U4TXInterrupt):ABSOLUTE (__DefaultInterrupt)
                  0x0000c8          0x4 LONG 0x38a DEFINED (__SPI3Interrupt)?ABSOLUTE (__SPI3Interrupt):ABSOLUTE (__DefaultInterrupt)
                  0x0000ca          0x4 LONG 0x38a DEFINED (__SPI3TXInterrupt)?ABSOLUTE (__SPI3TXInterrupt):ABSOLUTE (__DefaultInterrupt)
                  0x0000cc          0x4 LONG 0x38a DEFINED (__Interrupt92)?ABSOLUTE (__Interrupt92):ABSOLUTE (__DefaultInterrupt)
                  0x0000ce          0x4 LONG 0x38a DEFINED (__Interrupt93)?ABSOLUTE (__Interrupt93):ABSOLUTE (__DefaultInterrupt)
                  0x0000d0          0x4 LONG 0x38a DEFINED (__Interrupt94)?ABSOLUTE (__Interrupt94):ABSOLUTE (__DefaultInterrupt)
                  0x0000d2          0x4 LONG 0x38a DEFINED (__Interrupt95)?ABSOLUTE (__Interrupt95):ABSOLUTE (__DefaultInterrupt)
                  0x0000d4          0x4 LONG 0x38a DEFINED (__Interrupt96)?ABSOLUTE (__Interrupt96):ABSOLUTE (__DefaultInterrupt)
                  0x0000d6          0x4 LONG 0x38a DEFINED (__Interrupt97)?ABSOLUTE (__Interrupt97):ABSOLUTE (__DefaultInterrupt)
                  0x0000d8          0x4 LONG 0x38a DEFINED (__Interrupt98)?ABSOLUTE (__Interrupt98):ABSOLUTE (__DefaultInterrupt)
                  0x0000da          0x4 LONG 0x38a DEFINED (__Interrupt99)?ABSOLUTE (__Interrupt99):ABSOLUTE (__DefaultInterrupt)
                  0x0000dc          0x4 LONG 0x38a DEFINED (__Interrupt100)?ABSOLUTE (__Interrupt100):ABSOLUTE (__DefaultInterrupt)
                  0x0000de          0x4 LONG 0x38a DEFINED (__Interrupt101)?ABSOLUTE (__Interrupt101):ABSOLUTE (__DefaultInterrupt)
                  0x0000e0          0x4 LONG 0x38a DEFINED (__Interrupt102)?ABSOLUTE (__Interrupt102):ABSOLUTE (__DefaultInterrupt)
                  0x0000e2          0x4 LONG 0x38a DEFINED (__Interrupt103)?ABSOLUTE (__Interrupt103):ABSOLUTE (__DefaultInterrupt)
                  0x0000e4          0x4 LONG 0x38a DEFINED (__Interrupt104)?ABSOLUTE (__Interrupt104):ABSOLUTE (__DefaultInterrupt)
                  0x0000e6          0x4 LONG 0x38a DEFINED (__Interrupt105)?ABSOLUTE (__Interrupt105):ABSOLUTE (__DefaultInterrupt)
                  0x0000e8          0x4 LONG 0x38a DEFINED (__FSTInterrupt)?ABSOLUTE (__FSTInterrupt):ABSOLUTE (__DefaultInterrupt)
                  0x0000ea          0x4 LONG 0x38a DEFINED (__Interrupt107)?ABSOLUTE (__Interrupt107):ABSOLUTE (__DefaultInterrupt)
                  0x0000ec          0x4 LONG 0x38a DEFINED (__Interrupt108)?ABSOLUTE (__Interrupt108):ABSOLUTE (__DefaultInterrupt)
                  0x0000ee          0x4 LONG 0x38a DEFINED (__Interrupt109)?ABSOLUTE (__Interrupt109):ABSOLUTE (__DefaultInterrupt)
                  0x0000f0          0x4 LONG 0x38a DEFINED (__Interrupt110)?ABSOLUTE (__Interrupt110):ABSOLUTE (__DefaultInterrupt)
                  0x0000f2          0x4 LONG 0x38a DEFINED (__Interrupt111)?ABSOLUTE (__Interrupt111):ABSOLUTE (__DefaultInterrupt)
                  0x0000f4          0x4 LONG 0x38a DEFINED (__Interrupt112)?ABSOLUTE (__Interrupt112):ABSOLUTE (__DefaultInterrupt)
                  0x0000f6          0x4 LONG 0x38a DEFINED (__Interrupt113)?ABSOLUTE (__Interrupt113):ABSOLUTE (__DefaultInterrupt)
                  0x0000f8          0x4 LONG 0x38a DEFINED (__Interrupt114)?ABSOLUTE (__Interrupt114):ABSOLUTE (__DefaultInterrupt)
                  0x0000fa          0x4 LONG 0x38a DEFINED (__Interrupt115)?ABSOLUTE (__Interrupt115):ABSOLUTE (__DefaultInterrupt)
                  0x0000fc          0x4 LONG 0x38a DEFINED (__Interrupt116)?ABSOLUTE (__Interrupt116):ABSOLUTE (__DefaultInterrupt)
                  0x0000fe          0x4 LONG 0x38a DEFINED (__JTAGInterrupt)?ABSOLUTE (__JTAGInterrupt):ABSOLUTE (__DefaultInterrupt)

.aivt             0x000104         0xfc
                  0x000104          0x4 LONG 0x38a DEFINED (__AltReservedTrap0)?ABSOLUTE (__AltReservedTrap0):DEFINED (__ReservedTrap0)?ABSOLUTE (__ReservedTrap0):ABSOLUTE (__DefaultInterrupt)
                  0x000106          0x4 LONG 0x36a DEFINED (__AltOscillatorFail)?ABSOLUTE (__AltOscillatorFail):DEFINED (__OscillatorFail)?ABSOLUTE (__OscillatorFail):ABSOLUTE (__DefaultInterrupt)
                  0x000108          0x4 LONG 0x372 DEFINED (__AltAddressError)?ABSOLUTE (__AltAddressError):DEFINED (__AddressError)?ABSOLUTE (__AddressError):ABSOLUTE (__DefaultInterrupt)
                  0x00010a          0x4 LONG 0x37a DEFINED (__AltStackError)?ABSOLUTE (__AltStackError):DEFINED (__StackError)?ABSOLUTE (__StackError):ABSOLUTE (__DefaultInterrupt)
                  0x00010c          0x4 LONG 0x382 DEFINED (__AltMathError)?ABSOLUTE (__AltMathError):DEFINED (__MathError)?ABSOLUTE (__MathError):ABSOLUTE (__DefaultInterrupt)
                  0x00010e          0x4 LONG 0x38a DEFINED (__AltReservedTrap5)?ABSOLUTE (__AltReservedTrap5):DEFINED (__ReservedTrap5)?ABSOLUTE (__ReservedTrap5):ABSOLUTE (__DefaultInterrupt)
                  0x000110          0x4 LONG 0x38a DEFINED (__AltReservedTrap6)?ABSOLUTE (__AltReservedTrap6):DEFINED (__ReservedTrap6)?ABSOLUTE (__ReservedTrap6):ABSOLUTE (__DefaultInterrupt)
                  0x000112          0x4 LONG 0x38a DEFINED (__AltReservedTrap7)?ABSOLUTE (__AltReservedTrap7):DEFINED (__ReservedTrap7)?ABSOLUTE (__ReservedTrap7):ABSOLUTE (__DefaultInterrupt)
                  0x000114          0x4 LONG 0x38a DEFINED (__AltINT0Interrupt)?ABSOLUTE (__AltINT0Interrupt):DEFINED (__INT0Interrupt)?ABSOLUTE (__INT0Interrupt):ABSOLUTE (__DefaultInterrupt)
                  0x000116          0x4 LONG 0x38a DEFINED (__AltIC1Interrupt)?ABSOLUTE (__AltIC1Interrupt):DEFINED (__IC1Interrupt)?ABSOLUTE (__IC1Interrupt):ABSOLUTE (__DefaultInterrupt)
                  0x000118          0x4 LONG 0x38a DEFINED (__AltOC1Interrupt)?ABSOLUTE (__AltOC1Interrupt):DEFINED (__OC1Interrupt)?ABSOLUTE (__OC1Interrupt):ABSOLUTE (__DefaultInterrupt)
                  0x00011a          0x4 LONG 0x5682 DEFINED (__AltT1Interrupt)?ABSOLUTE (__AltT1Interrupt):DEFINED (__T1Interrupt)?ABSOLUTE (__T1Interrupt):ABSOLUTE (__DefaultInterrupt)
                  0x00011c          0x4 LONG 0x38a DEFINED (__AltDMA0Interrupt)?ABSOLUTE (__AltDMA0Interrupt):DEFINED (__DMA0Interrupt)?ABSOLUTE (__DMA0Interrupt):ABSOLUTE (__DefaultInterrupt)
                  0x00011e          0x4 LONG 0x38a DEFINED (__AltIC2Interrupt)?ABSOLUTE (__AltIC2Interrupt):DEFINED (__IC2Interrupt)?ABSOLUTE (__IC2Interrupt):ABSOLUTE (__DefaultInterrupt)
                  0x000120          0x4 LONG 0x38a DEFINED (__AltOC2Interrupt)?ABSOLUTE (__AltOC2Interrupt):DEFINED (__OC2Interrupt)?ABSOLUTE (__OC2Interrupt):ABSOLUTE (__DefaultInterrupt)
                  0x000122          0x4 LONG 0x38a DEFINED (__AltT2Interrupt)?ABSOLUTE (__AltT2Interrupt):DEFINED (__T2Interrupt)?ABSOLUTE (__T2Interrupt):ABSOLUTE (__DefaultInterrupt)
                  0x000124          0x4 LONG 0x38a DEFINED (__AltT3Interrupt)?ABSOLUTE (__AltT3Interrupt):DEFINED (__T3Interrupt)?ABSOLUTE (__T3Interrupt):ABSOLUTE (__DefaultInterrupt)
                  0x000126          0x4 LONG 0x38a DEFINED (__AltSPI1Interrupt)?ABSOLUTE (__AltSPI1Interrupt):DEFINED (__SPI1Interrupt)?ABSOLUTE (__SPI1Interrupt):ABSOLUTE (__DefaultInterrupt)
                  0x000128          0x4 LONG 0x38a DEFINED (__AltSPI1TXInterrupt)?ABSOLUTE (__AltSPI1TXInterrupt):DEFINED (__SPI1TXInterrupt)?ABSOLUTE (__SPI1TXInterrupt):ABSOLUTE (__DefaultInterrupt)
                  0x00012a          0x4 LONG 0x4402 DEFINED (__AltU1RXInterrupt)?ABSOLUTE (__AltU1RXInterrupt):DEFINED (__U1RXInterrupt)?ABSOLUTE (__U1RXInterrupt):ABSOLUTE (__DefaultInterrupt)
                  0x00012c          0x4 LONG 0x43a4 DEFINED (__AltU1TXInterrupt)?ABSOLUTE (__AltU1TXInterrupt):DEFINED (__U1TXInterrupt)?ABSOLUTE (__U1TXInterrupt):ABSOLUTE (__DefaultInterrupt)
                  0x00012e          0x4 LONG 0x38a DEFINED (__AltADC1Interrupt)?ABSOLUTE (__AltADC1Interrupt):DEFINED (__ADC1Interrupt)?ABSOLUTE (__ADC1Interrupt):ABSOLUTE (__DefaultInterrupt)
                  0x000130          0x4 LONG 0x38a DEFINED (__AltDMA1Interrupt)?ABSOLUTE (__AltDMA1Interrupt):DEFINED (__DMA1Interrupt)?ABSOLUTE (__DMA1Interrupt):ABSOLUTE (__DefaultInterrupt)
                  0x000132          0x4 LONG 0x38a DEFINED (__AltInterrupt15)?ABSOLUTE (__AltInterrupt15):DEFINED (__Interrupt15)?ABSOLUTE (__Interrupt15):ABSOLUTE (__DefaultInterrupt)
                  0x000134          0x4 LONG 0x38a DEFINED (__AltSI2C1Interrupt)?ABSOLUTE (__AltSI2C1Interrupt):DEFINED (__SI2C1Interrupt)?ABSOLUTE (__SI2C1Interrupt):ABSOLUTE (__DefaultInterrupt)
                  0x000136          0x4 LONG 0x38a DEFINED (__AltMI2C1Interrupt)?ABSOLUTE (__AltMI2C1Interrupt):DEFINED (__MI2C1Interrupt)?ABSOLUTE (__MI2C1Interrupt):ABSOLUTE (__DefaultInterrupt)
                  0x000138          0x4 LONG 0x38a DEFINED (__AltCompInterrupt)?ABSOLUTE (__AltCompInterrupt):DEFINED (__CompInterrupt)?ABSOLUTE (__CompInterrupt):ABSOLUTE (__DefaultInterrupt)
                  0x00013a          0x4 LONG 0x38a DEFINED (__AltCNInterrupt)?ABSOLUTE (__AltCNInterrupt):DEFINED (__CNInterrupt)?ABSOLUTE (__CNInterrupt):ABSOLUTE (__DefaultInterrupt)
                  0x00013c          0x4 LONG 0x38a DEFINED (__AltINT1Interrupt)?ABSOLUTE (__AltINT1Interrupt):DEFINED (__INT1Interrupt)?ABSOLUTE (__INT1Interrupt):ABSOLUTE (__DefaultInterrupt)
                  0x00013e          0x4 LONG 0x38a DEFINED (__AltInterrupt21)?ABSOLUTE (__AltInterrupt21):DEFINED (__Interrupt21)?ABSOLUTE (__Interrupt21):ABSOLUTE (__DefaultInterrupt)
                  0x000140          0x4 LONG 0x38a DEFINED (__AltInterrupt22)?ABSOLUTE (__AltInterrupt22):DEFINED (__Interrupt22)?ABSOLUTE (__Interrupt22):ABSOLUTE (__DefaultInterrupt)
                  0x000142          0x4 LONG 0x38a DEFINED (__AltInterrupt23)?ABSOLUTE (__AltInterrupt23):DEFINED (__Interrupt23)?ABSOLUTE (__Interrupt23):ABSOLUTE (__DefaultInterrupt)
                  0x000144          0x4 LONG 0x38a DEFINED (__AltDMA2Interrupt)?ABSOLUTE (__AltDMA2Interrupt):DEFINED (__DMA2Interrupt)?ABSOLUTE (__DMA2Interrupt):ABSOLUTE (__DefaultInterrupt)
                  0x000146          0x4 LONG 0x38a DEFINED (__AltOC3Interrupt)?ABSOLUTE (__AltOC3Interrupt):DEFINED (__OC3Interrupt)?ABSOLUTE (__OC3Interrupt):ABSOLUTE (__DefaultInterrupt)
                  0x000148          0x4 LONG 0x38a DEFINED (__AltOC4Interrupt)?ABSOLUTE (__AltOC4Interrupt):DEFINED (__OC4Interrupt)?ABSOLUTE (__OC4Interrupt):ABSOLUTE (__DefaultInterrupt)
                  0x00014a          0x4 LONG 0x38a DEFINED (__AltT4Interrupt)?ABSOLUTE (__AltT4Interrupt):DEFINED (__T4Interrupt)?ABSOLUTE (__T4Interrupt):ABSOLUTE (__DefaultInterrupt)
                  0x00014c          0x4 LONG 0x38a DEFINED (__AltT5Interrupt)?ABSOLUTE (__AltT5Interrupt):DEFINED (__T5Interrupt)?ABSOLUTE (__T5Interrupt):ABSOLUTE (__DefaultInterrupt)
                  0x00014e          0x4 LONG 0x38a DEFINED (__AltINT2Interrupt)?ABSOLUTE (__AltINT2Interrupt):DEFINED (__INT2Interrupt)?ABSOLUTE (__INT2Interrupt):ABSOLUTE (__DefaultInterrupt)
                  0x000150          0x4 LONG 0x4070 DEFINED (__AltU2RXInterrupt)?ABSOLUTE (__AltU2RXInterrupt):DEFINED (__U2RXInterrupt)?ABSOLUTE (__U2RXInterrupt):ABSOLUTE (__DefaultInterrupt)
                  0x000152          0x4 LONG 0x4012 DEFINED (__AltU2TXInterrupt)?ABSOLUTE (__AltU2TXInterrupt):DEFINED (__U2TXInterrupt)?ABSOLUTE (__U2TXInterrupt):ABSOLUTE (__DefaultInterrupt)
                  0x000154          0x4 LONG 0x38a DEFINED (__AltSPI2Interrupt)?ABSOLUTE (__AltSPI2Interrupt):DEFINED (__SPI2Interrupt)?ABSOLUTE (__SPI2Interrupt):ABSOLUTE (__DefaultInterrupt)
                  0x000156          0x4 LONG 0x38a DEFINED (__AltSPI2TXInterrupt)?ABSOLUTE (__AltSPI2TXInterrupt):DEFINED (__SPI2TXInterrupt)?ABSOLUTE (__SPI2TXInterrupt):ABSOLUTE (__DefaultInterrupt)
                  0x000158          0x4 LONG 0x38a DEFINED (__AltInterrupt34)?ABSOLUTE (__AltInterrupt34):DEFINED (__Interrupt34)?ABSOLUTE (__Interrupt34):ABSOLUTE (__DefaultInterrupt)
                  0x00015a          0x4 LONG 0x38a DEFINED (__AltInterrupt35)?ABSOLUTE (__AltInterrupt35):DEFINED (__Interrupt35)?ABSOLUTE (__Interrupt35):ABSOLUTE (__DefaultInterrupt)
                  0x00015c          0x4 LONG 0x38a DEFINED (__AltDMA3Interrupt)?ABSOLUTE (__AltDMA3Interrupt):DEFINED (__DMA3Interrupt)?ABSOLUTE (__DMA3Interrupt):ABSOLUTE (__DefaultInterrupt)
                  0x00015e          0x4 LONG 0x38a DEFINED (__AltIC3Interrupt)?ABSOLUTE (__AltIC3Interrupt):DEFINED (__IC3Interrupt)?ABSOLUTE (__IC3Interrupt):ABSOLUTE (__DefaultInterrupt)
                  0x000160          0x4 LONG 0x38a DEFINED (__AltIC4Interrupt)?ABSOLUTE (__AltIC4Interrupt):DEFINED (__IC4Interrupt)?ABSOLUTE (__IC4Interrupt):ABSOLUTE (__DefaultInterrupt)
                  0x000162          0x4 LONG 0x38a DEFINED (__AltIC5Interrupt)?ABSOLUTE (__AltIC5Interrupt):DEFINED (__IC5Interrupt)?ABSOLUTE (__IC5Interrupt):ABSOLUTE (__DefaultInterrupt)
                  0x000164          0x4 LONG 0x38a DEFINED (__AltIC6Interrupt)?ABSOLUTE (__AltIC6Interrupt):DEFINED (__IC6Interrupt)?ABSOLUTE (__IC6Interrupt):ABSOLUTE (__DefaultInterrupt)
                  0x000166          0x4 LONG 0x38a DEFINED (__AltOC5Interrupt)?ABSOLUTE (__AltOC5Interrupt):DEFINED (__OC5Interrupt)?ABSOLUTE (__OC5Interrupt):ABSOLUTE (__DefaultInterrupt)
                  0x000168          0x4 LONG 0x38a DEFINED (__AltOC6Interrupt)?ABSOLUTE (__AltOC6Interrupt):DEFINED (__OC6Interrupt)?ABSOLUTE (__OC6Interrupt):ABSOLUTE (__DefaultInterrupt)
                  0x00016a          0x4 LONG 0x38a DEFINED (__AltInterrupt43)?ABSOLUTE (__AltInterrupt43):DEFINED (__Interrupt43)?ABSOLUTE (__Interrupt43):ABSOLUTE (__DefaultInterrupt)
                  0x00016c          0x4 LONG 0x38a DEFINED (__AltInterrupt44)?ABSOLUTE (__AltInterrupt44):DEFINED (__Interrupt44)?ABSOLUTE (__Interrupt44):ABSOLUTE (__DefaultInterrupt)
                  0x00016e          0x4 LONG 0x38a DEFINED (__AltPMPInterrupt)?ABSOLUTE (__AltPMPInterrupt):DEFINED (__PMPInterrupt)?ABSOLUTE (__PMPInterrupt):ABSOLUTE (__DefaultInterrupt)
                  0x000170          0x4 LONG 0x38a DEFINED (__AltDMA4Interrupt)?ABSOLUTE (__AltDMA4Interrupt):DEFINED (__DMA4Interrupt)?ABSOLUTE (__DMA4Interrupt):ABSOLUTE (__DefaultInterrupt)
                  0x000172          0x4 LONG 0x38a DEFINED (__AltInterrupt47)?ABSOLUTE (__AltInterrupt47):DEFINED (__Interrupt47)?ABSOLUTE (__Interrupt47):ABSOLUTE (__DefaultInterrupt)
                  0x000174          0x4 LONG 0x38a DEFINED (__AltInterrupt48)?ABSOLUTE (__AltInterrupt48):DEFINED (__Interrupt48)?ABSOLUTE (__Interrupt48):ABSOLUTE (__DefaultInterrupt)
                  0x000176          0x4 LONG 0x38a DEFINED (__AltSI2C2Interrupt)?ABSOLUTE (__AltSI2C2Interrupt):DEFINED (__SI2C2Interrupt)?ABSOLUTE (__SI2C2Interrupt):ABSOLUTE (__DefaultInterrupt)
                  0x000178          0x4 LONG 0x36f4 DEFINED (__AltMI2C2Interrupt)?ABSOLUTE (__AltMI2C2Interrupt):DEFINED (__MI2C2Interrupt)?ABSOLUTE (__MI2C2Interrupt):ABSOLUTE (__DefaultInterrupt)
                  0x00017a          0x4 LONG 0x38a DEFINED (__AltInterrupt51)?ABSOLUTE (__AltInterrupt51):DEFINED (__Interrupt51)?ABSOLUTE (__Interrupt51):ABSOLUTE (__DefaultInterrupt)
                  0x00017c          0x4 LONG 0x38a DEFINED (__AltInterrupt52)?ABSOLUTE (__AltInterrupt52):DEFINED (__Interrupt52)?ABSOLUTE (__Interrupt52):ABSOLUTE (__DefaultInterrupt)
                  0x00017e          0x4 LONG 0x38a DEFINED (__AltINT3Interrupt)?ABSOLUTE (__AltINT3Interrupt):DEFINED (__INT3Interrupt)?ABSOLUTE (__INT3Interrupt):ABSOLUTE (__DefaultInterrupt)
                  0x000180          0x4 LONG 0x38a DEFINED (__AltINT4Interrupt)?ABSOLUTE (__AltINT4Interrupt):DEFINED (__INT4Interrupt)?ABSOLUTE (__INT4Interrupt):ABSOLUTE (__DefaultInterrupt)
                  0x000182          0x4 LONG 0x38a DEFINED (__AltCRYPTOInterrupt)?ABSOLUTE (__AltCRYPTOInterrupt):DEFINED (__CRYPTOInterrupt)?ABSOLUTE (__CRYPTOInterrupt):ABSOLUTE (__DefaultInterrupt)
                  0x000184          0x4 LONG 0x38a DEFINED (__AltCRYPTOKeyInterrupt)?ABSOLUTE (__AltCRYPTOKeyInterrupt):DEFINED (__CRYPTOKeyInterrupt)?ABSOLUTE (__CRYPTOKeyInterrupt):ABSOLUTE (__DefaultInterrupt)
                  0x000186          0x4 LONG 0x38a DEFINED (__AltInterrupt57)?ABSOLUTE (__AltInterrupt57):DEFINED (__Interrupt57)?ABSOLUTE (__Interrupt57):ABSOLUTE (__DefaultInterrupt)
                  0x000188          0x4 LONG 0x38a DEFINED (__AltSPI1RXInterrupt)?ABSOLUTE (__AltSPI1RXInterrupt):DEFINED (__SPI1RXInterrupt)?ABSOLUTE (__SPI1RXInterrupt):ABSOLUTE (__DefaultInterrupt)
                  0x00018a          0x4 LONG 0x38a DEFINED (__AltSPI2RXInterrupt)?ABSOLUTE (__AltSPI2RXInterrupt):DEFINED (__SPI2RXInterrupt)?ABSOLUTE (__SPI2RXInterrupt):ABSOLUTE (__DefaultInterrupt)
                  0x00018c          0x4 LONG 0x38a DEFINED (__AltSPI3RXInterrupt)?ABSOLUTE (__AltSPI3RXInterrupt):DEFINED (__SPI3RXInterrupt)?ABSOLUTE (__SPI3RXInterrupt):ABSOLUTE (__DefaultInterrupt)
                  0x00018e          0x4 LONG 0x38a DEFINED (__AltDMA5Interrupt)?ABSOLUTE (__AltDMA5Interrupt):DEFINED (__DMA5Interrupt)?ABSOLUTE (__DMA5Interrupt):ABSOLUTE (__DefaultInterrupt)
                  0x000190          0x4 LONG 0x38a DEFINED (__AltRTCCInterrupt)?ABSOLUTE (__AltRTCCInterrupt):DEFINED (__RTCCInterrupt)?ABSOLUTE (__RTCCInterrupt):ABSOLUTE (__DefaultInterrupt)
                  0x000192          0x4 LONG 0x38a DEFINED (__AltInterrupt63)?ABSOLUTE (__AltInterrupt63):DEFINED (__Interrupt63)?ABSOLUTE (__Interrupt63):ABSOLUTE (__DefaultInterrupt)
                  0x000194          0x4 LONG 0x38a DEFINED (__AltInterrupt64)?ABSOLUTE (__AltInterrupt64):DEFINED (__Interrupt64)?ABSOLUTE (__Interrupt64):ABSOLUTE (__DefaultInterrupt)
                  0x000196          0x4 LONG 0x38a DEFINED (__AltU1ErrInterrupt)?ABSOLUTE (__AltU1ErrInterrupt):DEFINED (__U1ErrInterrupt)?ABSOLUTE (__U1ErrInterrupt):ABSOLUTE (__DefaultInterrupt)
                  0x000198          0x4 LONG 0x38a DEFINED (__AltU2ErrInterrupt)?ABSOLUTE (__AltU2ErrInterrupt):DEFINED (__U2ErrInterrupt)?ABSOLUTE (__U2ErrInterrupt):ABSOLUTE (__DefaultInterrupt)
                  0x00019a          0x4 LONG 0x38a DEFINED (__AltCRCInterrupt)?ABSOLUTE (__AltCRCInterrupt):DEFINED (__CRCInterrupt)?ABSOLUTE (__CRCInterrupt):ABSOLUTE (__DefaultInterrupt)
                  0x00019c          0x4 LONG 0x38a DEFINED (__AltInterrupt68)?ABSOLUTE (__AltInterrupt68):DEFINED (__Interrupt68)?ABSOLUTE (__Interrupt68):ABSOLUTE (__DefaultInterrupt)
                  0x00019e          0x4 LONG 0x38a DEFINED (__AltInterrupt69)?ABSOLUTE (__AltInterrupt69):DEFINED (__Interrupt69)?ABSOLUTE (__Interrupt69):ABSOLUTE (__DefaultInterrupt)
                  0x0001a0          0x4 LONG 0x38a DEFINED (__AltInterrupt70)?ABSOLUTE (__AltInterrupt70):DEFINED (__Interrupt70)?ABSOLUTE (__Interrupt70):ABSOLUTE (__DefaultInterrupt)
                  0x0001a2          0x4 LONG 0x38a DEFINED (__AltInterrupt71)?ABSOLUTE (__AltInterrupt71):DEFINED (__Interrupt71)?ABSOLUTE (__Interrupt71):ABSOLUTE (__DefaultInterrupt)
                  0x0001a4          0x4 LONG 0x38a DEFINED (__AltLVDInterrupt)?ABSOLUTE (__AltLVDInterrupt):DEFINED (__LVDInterrupt)?ABSOLUTE (__LVDInterrupt):ABSOLUTE (__DefaultInterrupt)
                  0x0001a6          0x4 LONG 0x38a DEFINED (__AltInterrupt73)?ABSOLUTE (__AltInterrupt73):DEFINED (__Interrupt73)?ABSOLUTE (__Interrupt73):ABSOLUTE (__DefaultInterrupt)
                  0x0001a8          0x4 LONG 0x38a DEFINED (__AltInterrupt74)?ABSOLUTE (__AltInterrupt74):DEFINED (__Interrupt74)?ABSOLUTE (__Interrupt74):ABSOLUTE (__DefaultInterrupt)
                  0x0001aa          0x4 LONG 0x38a DEFINED (__AltInterrupt75)?ABSOLUTE (__AltInterrupt75):DEFINED (__Interrupt75)?ABSOLUTE (__Interrupt75):ABSOLUTE (__DefaultInterrupt)
                  0x0001ac          0x4 LONG 0x38a DEFINED (__AltInterrupt76)?ABSOLUTE (__AltInterrupt76):DEFINED (__Interrupt76)?ABSOLUTE (__Interrupt76):ABSOLUTE (__DefaultInterrupt)
                  0x0001ae          0x4 LONG 0x38a DEFINED (__AltCTMUInterrupt)?ABSOLUTE (__AltCTMUInterrupt):DEFINED (__CTMUInterrupt)?ABSOLUTE (__CTMUInterrupt):ABSOLUTE (__DefaultInterrupt)
                  0x0001b0          0x4 LONG 0x38a DEFINED (__AltInterrupt78)?ABSOLUTE (__AltInterrupt78):DEFINED (__Interrupt78)?ABSOLUTE (__Interrupt78):ABSOLUTE (__DefaultInterrupt)
                  0x0001b2          0x4 LONG 0x38a DEFINED (__AltInterrupt79)?ABSOLUTE (__AltInterrupt79):DEFINED (__Interrupt79)?ABSOLUTE (__Interrupt79):ABSOLUTE (__DefaultInterrupt)
                  0x0001b4          0x4 LONG 0x38a DEFINED (__AltInterrupt80)?ABSOLUTE (__AltInterrupt80):DEFINED (__Interrupt80)?ABSOLUTE (__Interrupt80):ABSOLUTE (__DefaultInterrupt)
                  0x0001b6          0x4 LONG 0x38a DEFINED (__AltU3ErrInterrupt)?ABSOLUTE (__AltU3ErrInterrupt):DEFINED (__U3ErrInterrupt)?ABSOLUTE (__U3ErrInterrupt):ABSOLUTE (__DefaultInterrupt)
                  0x0001b8          0x4 LONG 0x4afe DEFINED (__AltU3RXInterrupt)?ABSOLUTE (__AltU3RXInterrupt):DEFINED (__U3RXInterrupt)?ABSOLUTE (__U3RXInterrupt):ABSOLUTE (__DefaultInterrupt)
                  0x0001ba          0x4 LONG 0x4aa0 DEFINED (__AltU3TXInterrupt)?ABSOLUTE (__AltU3TXInterrupt):DEFINED (__U3TXInterrupt)?ABSOLUTE (__U3TXInterrupt):ABSOLUTE (__DefaultInterrupt)
                  0x0001bc          0x4 LONG 0x38a DEFINED (__AltI2C1BCLInterrupt)?ABSOLUTE (__AltI2C1BCLInterrupt):DEFINED (__I2C1BCLInterrupt)?ABSOLUTE (__I2C1BCLInterrupt):ABSOLUTE (__DefaultInterrupt)
                  0x0001be          0x4 LONG 0x38a DEFINED (__AltI2C2BCLInterrupt)?ABSOLUTE (__AltI2C2BCLInterrupt):DEFINED (__I2C2BCLInterrupt)?ABSOLUTE (__I2C2BCLInterrupt):ABSOLUTE (__DefaultInterrupt)
                  0x0001c0          0x4 LONG 0x38a DEFINED (__AltUSB1Interrupt)?ABSOLUTE (__AltUSB1Interrupt):DEFINED (__USB1Interrupt)?ABSOLUTE (__USB1Interrupt):ABSOLUTE (__DefaultInterrupt)
                  0x0001c2          0x4 LONG 0x38a DEFINED (__AltU4ErrInterrupt)?ABSOLUTE (__AltU4ErrInterrupt):DEFINED (__U4ErrInterrupt)?ABSOLUTE (__U4ErrInterrupt):ABSOLUTE (__DefaultInterrupt)
                  0x0001c4          0x4 LONG 0x4780 DEFINED (__AltU4RXInterrupt)?ABSOLUTE (__AltU4RXInterrupt):DEFINED (__U4RXInterrupt)?ABSOLUTE (__U4RXInterrupt):ABSOLUTE (__DefaultInterrupt)
                  0x0001c6          0x4 LONG 0x4722 DEFINED (__AltU4TXInterrupt)?ABSOLUTE (__AltU4TXInterrupt):DEFINED (__U4TXInterrupt)?ABSOLUTE (__U4TXInterrupt):ABSOLUTE (__DefaultInterrupt)
                  0x0001c8          0x4 LONG 0x38a DEFINED (__AltSPI3Interrupt)?ABSOLUTE (__AltSPI3Interrupt):DEFINED (__SPI3Interrupt)?ABSOLUTE (__SPI3Interrupt):ABSOLUTE (__DefaultInterrupt)
                  0x0001ca          0x4 LONG 0x38a DEFINED (__AltSPI3TXInterrupt)?ABSOLUTE (__AltSPI3TXInterrupt):DEFINED (__SPI3TXInterrupt)?ABSOLUTE (__SPI3TXInterrupt):ABSOLUTE (__DefaultInterrupt)
                  0x0001cc          0x4 LONG 0x38a DEFINED (__AltInterrupt92)?ABSOLUTE (__AltInterrupt92):DEFINED (__Interrupt92)?ABSOLUTE (__Interrupt92):ABSOLUTE (__DefaultInterrupt)
                  0x0001ce          0x4 LONG 0x38a DEFINED (__AltInterrupt93)?ABSOLUTE (__AltInterrupt93):DEFINED (__Interrupt93)?ABSOLUTE (__Interrupt93):ABSOLUTE (__DefaultInterrupt)
                  0x0001d0          0x4 LONG 0x38a DEFINED (__AltInterrupt94)?ABSOLUTE (__AltInterrupt94):DEFINED (__Interrupt94)?ABSOLUTE (__Interrupt94):ABSOLUTE (__DefaultInterrupt)
                  0x0001d2          0x4 LONG 0x38a DEFINED (__AltInterrupt95)?ABSOLUTE (__AltInterrupt95):DEFINED (__Interrupt95)?ABSOLUTE (__Interrupt95):ABSOLUTE (__DefaultInterrupt)
                  0x0001d4          0x4 LONG 0x38a DEFINED (__AltInterrupt96)?ABSOLUTE (__AltInterrupt96):DEFINED (__Interrupt96)?ABSOLUTE (__Interrupt96):ABSOLUTE (__DefaultInterrupt)
                  0x0001d6          0x4 LONG 0x38a DEFINED (__AltInterrupt97)?ABSOLUTE (__AltInterrupt97):DEFINED (__Interrupt97)?ABSOLUTE (__Interrupt97):ABSOLUTE (__DefaultInterrupt)
                  0x0001d8          0x4 LONG 0x38a DEFINED (__AltInterrupt98)?ABSOLUTE (__AltInterrupt98):DEFINED (__Interrupt98)?ABSOLUTE (__Interrupt98):ABSOLUTE (__DefaultInterrupt)
                  0x0001da          0x4 LONG 0x38a DEFINED (__AltInterrupt99)?ABSOLUTE (__AltInterrupt99):DEFINED (__Interrupt99)?ABSOLUTE (__Interrupt99):ABSOLUTE (__DefaultInterrupt)
                  0x0001dc          0x4 LONG 0x38a DEFINED (__AltInterrupt100)?ABSOLUTE (__AltInterrupt100):DEFINED (__Interrupt100)?ABSOLUTE (__Interrupt100):ABSOLUTE (__DefaultInterrupt)
                  0x0001de          0x4 LONG 0x38a DEFINED (__AltInterrupt101)?ABSOLUTE (__AltInterrupt101):DEFINED (__Interrupt101)?ABSOLUTE (__Interrupt101):ABSOLUTE (__DefaultInterrupt)
                  0x0001e0          0x4 LONG 0x38a DEFINED (__AltInterrupt102)?ABSOLUTE (__AltInterrupt102):DEFINED (__Interrupt102)?ABSOLUTE (__Interrupt102):ABSOLUTE (__DefaultInterrupt)
                  0x0001e2          0x4 LONG 0x38a DEFINED (__AltInterrupt103)?ABSOLUTE (__AltInterrupt103):DEFINED (__Interrupt103)?ABSOLUTE (__Interrupt103):ABSOLUTE (__DefaultInterrupt)
                  0x0001e4          0x4 LONG 0x38a DEFINED (__AltInterrupt104)?ABSOLUTE (__AltInterrupt104):DEFINED (__Interrupt104)?ABSOLUTE (__Interrupt104):ABSOLUTE (__DefaultInterrupt)
                  0x0001e6          0x4 LONG 0x38a DEFINED (__AltInterrupt105)?ABSOLUTE (__AltInterrupt105):DEFINED (__Interrupt105)?ABSOLUTE (__Interrupt105):ABSOLUTE (__DefaultInterrupt)
                  0x0001e8          0x4 LONG 0x38a DEFINED (__AltFSTInterrupt)?ABSOLUTE (__AltFSTInterrupt):DEFINED (__FSTInterrupt)?ABSOLUTE (__FSTInterrupt):ABSOLUTE (__DefaultInterrupt)
                  0x0001ea          0x4 LONG 0x38a DEFINED (__AltInterrupt107)?ABSOLUTE (__AltInterrupt107):DEFINED (__Interrupt107)?ABSOLUTE (__Interrupt107):ABSOLUTE (__DefaultInterrupt)
                  0x0001ec          0x4 LONG 0x38a DEFINED (__AltInterrupt108)?ABSOLUTE (__AltInterrupt108):DEFINED (__Interrupt108)?ABSOLUTE (__Interrupt108):ABSOLUTE (__DefaultInterrupt)
                  0x0001ee          0x4 LONG 0x38a DEFINED (__AltInterrupt109)?ABSOLUTE (__AltInterrupt109):DEFINED (__Interrupt109)?ABSOLUTE (__Interrupt109):ABSOLUTE (__DefaultInterrupt)
                  0x0001f0          0x4 LONG 0x38a DEFINED (__AltInterrupt110)?ABSOLUTE (__AltInterrupt110):DEFINED (__Interrupt110)?ABSOLUTE (__Interrupt110):ABSOLUTE (__DefaultInterrupt)
                  0x0001f2          0x4 LONG 0x38a DEFINED (__AltInterrupt111)?ABSOLUTE (__AltInterrupt111):DEFINED (__Interrupt111)?ABSOLUTE (__Interrupt111):ABSOLUTE (__DefaultInterrupt)
                  0x0001f4          0x4 LONG 0x38a DEFINED (__AltInterrupt112)?ABSOLUTE (__AltInterrupt112):DEFINED (__Interrupt112)?ABSOLUTE (__Interrupt112):ABSOLUTE (__DefaultInterrupt)
                  0x0001f6          0x4 LONG 0x38a DEFINED (__AltInterrupt113)?ABSOLUTE (__AltInterrupt113):DEFINED (__Interrupt113)?ABSOLUTE (__Interrupt113):ABSOLUTE (__DefaultInterrupt)
                  0x0001f8          0x4 LONG 0x38a DEFINED (__AltInterrupt114)?ABSOLUTE (__AltInterrupt114):DEFINED (__Interrupt114)?ABSOLUTE (__Interrupt114):ABSOLUTE (__DefaultInterrupt)
                  0x0001fa          0x4 LONG 0x38a DEFINED (__AltInterrupt115)?ABSOLUTE (__AltInterrupt115):DEFINED (__Interrupt115)?ABSOLUTE (__Interrupt115):ABSOLUTE (__DefaultInterrupt)
                  0x0001fc          0x4 LONG 0x38a DEFINED (__AltInterrupt116)?ABSOLUTE (__AltInterrupt116):DEFINED (__Interrupt116)?ABSOLUTE (__Interrupt116):ABSOLUTE (__DefaultInterrupt)
                  0x0001fe          0x4 LONG 0x38a DEFINED (__AltJTAGInterrupt)?ABSOLUTE (__AltJTAGInterrupt):DEFINED (__JTAGInterrupt)?ABSOLUTE (__JTAGInterrupt):ABSOLUTE (__DefaultInterrupt)
                    0x0000                  WREG0 = 0x0
                    0x0000                  _WREG0 = 0x0
                    0x0002                  WREG1 = 0x2
                    0x0002                  _WREG1 = 0x2
                    0x0004                  WREG2 = 0x4
                    0x0004                  _WREG2 = 0x4
                    0x0006                  WREG3 = 0x6
                    0x0006                  _WREG3 = 0x6
                    0x0008                  WREG4 = 0x8
                    0x0008                  _WREG4 = 0x8
                    0x000a                  WREG5 = 0xa
                    0x000a                  _WREG5 = 0xa
                    0x000c                  WREG6 = 0xc
                    0x000c                  _WREG6 = 0xc
                    0x000e                  WREG7 = 0xe
                    0x000e                  _WREG7 = 0xe
                    0x0010                  WREG8 = 0x10
                    0x0010                  _WREG8 = 0x10
                    0x0012                  WREG9 = 0x12
                    0x0012                  _WREG9 = 0x12
                    0x0014                  WREG10 = 0x14
                    0x0014                  _WREG10 = 0x14
                    0x0016                  WREG11 = 0x16
                    0x0016                  _WREG11 = 0x16
                    0x0018                  WREG12 = 0x18
                    0x0018                  _WREG12 = 0x18
                    0x001a                  WREG13 = 0x1a
                    0x001a                  _WREG13 = 0x1a
                    0x001c                  WREG14 = 0x1c
                    0x001c                  _WREG14 = 0x1c
                    0x001e                  WREG15 = 0x1e
                    0x001e                  _WREG15 = 0x1e
                    0x0020                  SPLIM = 0x20
                    0x0020                  _SPLIM = 0x20
                    0x002e                  PCL = 0x2e
                    0x002e                  _PCL = 0x2e
                    0x0030                  PCH = 0x30
                    0x0030                  _PCH = 0x30
                    0x0032                  DSRPAG = 0x32
                    0x0032                  _DSRPAG = 0x32
                    0x0032                  _DSRPAGbits = 0x32
                    0x0034                  DSWPAG = 0x34
                    0x0034                  _DSWPAG = 0x34
                    0x0034                  _DSWPAGbits = 0x34
                    0x0036                  RCOUNT = 0x36
                    0x0036                  _RCOUNT = 0x36
                    0x0042                  SR = 0x42
                    0x0042                  _SR = 0x42
                    0x0042                  _SRbits = 0x42
                    0x0044                  CORCON = 0x44
                    0x0044                  _CORCON = 0x44
                    0x0044                  _CORCONbits = 0x44
                    0x0052                  DISICNT = 0x52
                    0x0052                  _DISICNT = 0x52
                    0x0052                  _DISICNTbits = 0x52
                    0x0054                  TBLPAG = 0x54
                    0x0054                  _TBLPAG = 0x54
                    0x0054                  _TBLPAGbits = 0x54
                    0x0056                  CNPD1 = 0x56
                    0x0056                  _CNPD1 = 0x56
                    0x0056                  _CNPD1bits = 0x56
                    0x0058                  CNPD2 = 0x58
                    0x0058                  _CNPD2 = 0x58
                    0x0058                  _CNPD2bits = 0x58
                    0x005a                  CNPD3 = 0x5a
                    0x005a                  _CNPD3 = 0x5a
                    0x005a                  _CNPD3bits = 0x5a
                    0x0062                  CNEN1 = 0x62
                    0x0062                  _CNEN1 = 0x62
                    0x0062                  _CNEN1bits = 0x62
                    0x0064                  CNEN2 = 0x64
                    0x0064                  _CNEN2 = 0x64
                    0x0064                  _CNEN2bits = 0x64
                    0x0066                  CNEN3 = 0x66
                    0x0066                  _CNEN3 = 0x66
                    0x0066                  _CNEN3bits = 0x66
                    0x006e                  CNPU1 = 0x6e
                    0x006e                  _CNPU1 = 0x6e
                    0x006e                  _CNPU1bits = 0x6e
                    0x0070                  CNPU2 = 0x70
                    0x0070                  _CNPU2 = 0x70
                    0x0070                  _CNPU2bits = 0x70
                    0x0072                  CNPU3 = 0x72
                    0x0072                  _CNPU3 = 0x72
                    0x0072                  _CNPU3bits = 0x72
                    0x0080                  INTCON1 = 0x80
                    0x0080                  _INTCON1 = 0x80
                    0x0080                  _INTCON1bits = 0x80
                    0x0082                  INTCON2 = 0x82
                    0x0082                  _INTCON2 = 0x82
                    0x0082                  _INTCON2bits = 0x82
                    0x0084                  IFS0 = 0x84
                    0x0084                  _IFS0 = 0x84
                    0x0084                  _IFS0bits = 0x84
                    0x0086                  IFS1 = 0x86
                    0x0086                  _IFS1 = 0x86
                    0x0086                  _IFS1bits = 0x86
                    0x0088                  IFS2 = 0x88
                    0x0088                  _IFS2 = 0x88
                    0x0088                  _IFS2bits = 0x88
                    0x008a                  IFS3 = 0x8a
                    0x008a                  _IFS3 = 0x8a
                    0x008a                  _IFS3bits = 0x8a
                    0x008c                  IFS4 = 0x8c
                    0x008c                  _IFS4 = 0x8c
                    0x008c                  _IFS4bits = 0x8c
                    0x008e                  IFS5 = 0x8e
                    0x008e                  _IFS5 = 0x8e
                    0x008e                  _IFS5bits = 0x8e
                    0x0090                  IFS6 = 0x90
                    0x0090                  _IFS6 = 0x90
                    0x0090                  _IFS6bits = 0x90
                    0x0092                  IFS7 = 0x92
                    0x0092                  _IFS7 = 0x92
                    0x0092                  _IFS7bits = 0x92
                    0x0094                  IEC0 = 0x94
                    0x0094                  _IEC0 = 0x94
                    0x0094                  _IEC0bits = 0x94
                    0x0096                  IEC1 = 0x96
                    0x0096                  _IEC1 = 0x96
                    0x0096                  _IEC1bits = 0x96
                    0x0098                  IEC2 = 0x98
                    0x0098                  _IEC2 = 0x98
                    0x0098                  _IEC2bits = 0x98
                    0x009a                  IEC3 = 0x9a
                    0x009a                  _IEC3 = 0x9a
                    0x009a                  _IEC3bits = 0x9a
                    0x009c                  IEC4 = 0x9c
                    0x009c                  _IEC4 = 0x9c
                    0x009c                  _IEC4bits = 0x9c
                    0x009e                  IEC5 = 0x9e
                    0x009e                  _IEC5 = 0x9e
                    0x009e                  _IEC5bits = 0x9e
                    0x00a0                  IEC6 = 0xa0
                    0x00a0                  _IEC6 = 0xa0
                    0x00a0                  _IEC6bits = 0xa0
                    0x00a2                  IEC7 = 0xa2
                    0x00a2                  _IEC7 = 0xa2
                    0x00a2                  _IEC7bits = 0xa2
                    0x00a4                  IPC0 = 0xa4
                    0x00a4                  _IPC0 = 0xa4
                    0x00a4                  _IPC0bits = 0xa4
                    0x00a6                  IPC1 = 0xa6
                    0x00a6                  _IPC1 = 0xa6
                    0x00a6                  _IPC1bits = 0xa6
                    0x00a8                  IPC2 = 0xa8
                    0x00a8                  _IPC2 = 0xa8
                    0x00a8                  _IPC2bits = 0xa8
                    0x00aa                  IPC3 = 0xaa
                    0x00aa                  _IPC3 = 0xaa
                    0x00aa                  _IPC3bits = 0xaa
                    0x00ac                  IPC4 = 0xac
                    0x00ac                  _IPC4 = 0xac
                    0x00ac                  _IPC4bits = 0xac
                    0x00ae                  IPC5 = 0xae
                    0x00ae                  _IPC5 = 0xae
                    0x00ae                  _IPC5bits = 0xae
                    0x00b0                  IPC6 = 0xb0
                    0x00b0                  _IPC6 = 0xb0
                    0x00b0                  _IPC6bits = 0xb0
                    0x00b2                  IPC7 = 0xb2
                    0x00b2                  _IPC7 = 0xb2
                    0x00b2                  _IPC7bits = 0xb2
                    0x00b4                  IPC8 = 0xb4
                    0x00b4                  _IPC8 = 0xb4
                    0x00b4                  _IPC8bits = 0xb4
                    0x00b6                  IPC9 = 0xb6
                    0x00b6                  _IPC9 = 0xb6
                    0x00b6                  _IPC9bits = 0xb6
                    0x00b8                  IPC10 = 0xb8
                    0x00b8                  _IPC10 = 0xb8
                    0x00b8                  _IPC10bits = 0xb8
                    0x00ba                  IPC11 = 0xba
                    0x00ba                  _IPC11 = 0xba
                    0x00ba                  _IPC11bits = 0xba
                    0x00bc                  IPC12 = 0xbc
                    0x00bc                  _IPC12 = 0xbc
                    0x00bc                  _IPC12bits = 0xbc
                    0x00be                  IPC13 = 0xbe
                    0x00be                  _IPC13 = 0xbe
                    0x00be                  _IPC13bits = 0xbe
                    0x00c0                  IPC14 = 0xc0
                    0x00c0                  _IPC14 = 0xc0
                    0x00c0                  _IPC14bits = 0xc0
                    0x00c2                  IPC15 = 0xc2
                    0x00c2                  _IPC15 = 0xc2
                    0x00c2                  _IPC15bits = 0xc2
                    0x00c4                  IPC16 = 0xc4
                    0x00c4                  _IPC16 = 0xc4
                    0x00c4                  _IPC16bits = 0xc4
                    0x00c8                  IPC18 = 0xc8
                    0x00c8                  _IPC18 = 0xc8
                    0x00c8                  _IPC18bits = 0xc8
                    0x00ca                  IPC19 = 0xca
                    0x00ca                  _IPC19 = 0xca
                    0x00ca                  _IPC19bits = 0xca
                    0x00cc                  IPC20 = 0xcc
                    0x00cc                  _IPC20 = 0xcc
                    0x00cc                  _IPC20bits = 0xcc
                    0x00ce                  IPC21 = 0xce
                    0x00ce                  _IPC21 = 0xce
                    0x00ce                  _IPC21bits = 0xce
                    0x00d0                  IPC22 = 0xd0
                    0x00d0                  _IPC22 = 0xd0
                    0x00d0                  _IPC22bits = 0xd0
                    0x00d2                  IPC23 = 0xd2
                    0x00d2                  _IPC23 = 0xd2
                    0x00d6                  IPC25 = 0xd6
                    0x00d6                  _IPC25 = 0xd6
                    0x00d8                  IPC26 = 0xd8
                    0x00d8                  _IPC26 = 0xd8
                    0x00d8                  _IPC26bits = 0xd8
                    0x00de                  IPC29 = 0xde
                    0x00de                  _IPC29 = 0xde
                    0x00de                  _IPC29bits = 0xde
                    0x00e0                  INTTREG = 0xe0
                    0x00e0                  _INTTREG = 0xe0
                    0x00e0                  _INTTREGbits = 0xe0
                    0x0100                  OSCCON = 0x100
                    0x0100                  _OSCCON = 0x100
                    0x0100                  _OSCCONbits = 0x100
                    0x0100                  OSCCONL = 0x100
                    0x0100                  _OSCCONL = 0x100
                    0x0101                  OSCCONH = 0x101
                    0x0101                  _OSCCONH = 0x101
                    0x0102                  CLKDIV = 0x102
                    0x0102                  _CLKDIV = 0x102
                    0x0102                  _CLKDIVbits = 0x102
                    0x0106                  OSCTUN = 0x106
                    0x0106                  _OSCTUN = 0x106
                    0x0106                  _OSCTUNbits = 0x106
                    0x0108                  RCON = 0x108
                    0x0108                  _RCON = 0x108
                    0x0108                  _RCONbits = 0x108
                    0x010a                  RCON2 = 0x10a
                    0x010a                  _RCON2 = 0x10a
                    0x010a                  _RCON2bits = 0x10a
                    0x010c                  HLVDCON = 0x10c
                    0x010c                  _HLVDCON = 0x10c
                    0x010c                  _HLVDCONbits = 0x10c
                    0x010e                  DSCON = 0x10e
                    0x010e                  _DSCON = 0x10e
                    0x010e                  _DSCONbits = 0x10e
                    0x0110                  DSWAKE = 0x110
                    0x0110                  _DSWAKE = 0x110
                    0x0110                  _DSWAKEbits = 0x110
                    0x0112                  DSGPR0 = 0x112
                    0x0112                  _DSGPR0 = 0x112
                    0x0114                  DSGPR1 = 0x114
                    0x0114                  _DSGPR1 = 0x114
                    0x011e                  ALRMVAL = 0x11e
                    0x011e                  _ALRMVAL = 0x11e
                    0x0120                  ALCFGRPT = 0x120
                    0x0120                  _ALCFGRPT = 0x120
                    0x0120                  _ALCFGRPTbits = 0x120
                    0x0122                  RTCVAL = 0x122
                    0x0122                  _RTCVAL = 0x122
                    0x0124                  RCFGCAL = 0x124
                    0x0124                  _RCFGCAL = 0x124
                    0x0124                  _RCFGCALbits = 0x124
                    0x0126                  RTCPWC = 0x126
                    0x0126                  _RTCPWC = 0x126
                    0x0126                  _RTCPWCbits = 0x126
                    0x0128                  PMCON1 = 0x128
                    0x0128                  _PMCON1 = 0x128
                    0x0128                  _PMCON1bits = 0x128
                    0x012a                  PMCON2 = 0x12a
                    0x012a                  _PMCON2 = 0x12a
                    0x012a                  _PMCON2bits = 0x12a
                    0x012c                  PMCON3 = 0x12c
                    0x012c                  _PMCON3 = 0x12c
                    0x012c                  _PMCON3bits = 0x12c
                    0x012e                  PMCON4 = 0x12e
                    0x012e                  _PMCON4 = 0x12e
                    0x012e                  _PMCON4bits = 0x12e
                    0x0130                  PMCS1CF = 0x130
                    0x0130                  _PMCS1CF = 0x130
                    0x0130                  _PMCS1CFbits = 0x130
                    0x0132                  PMCS1BS = 0x132
                    0x0132                  _PMCS1BS = 0x132
                    0x0132                  _PMCS1BSbits = 0x132
                    0x0134                  PMCS1MD = 0x134
                    0x0134                  _PMCS1MD = 0x134
                    0x0134                  _PMCS1MDbits = 0x134
                    0x0136                  PMCS2CF = 0x136
                    0x0136                  _PMCS2CF = 0x136
                    0x0136                  _PMCS2CFbits = 0x136
                    0x0138                  PMCS2BS = 0x138
                    0x0138                  _PMCS2BS = 0x138
                    0x0138                  _PMCS2BSbits = 0x138
                    0x013a                  PMCS2MD = 0x13a
                    0x013a                  _PMCS2MD = 0x13a
                    0x013a                  _PMCS2MDbits = 0x13a
                    0x013c                  PMDOUT1 = 0x13c
                    0x013c                  _PMDOUT1 = 0x13c
                    0x013e                  PMDOUT2 = 0x13e
                    0x013e                  _PMDOUT2 = 0x13e
                    0x0140                  PMDIN1 = 0x140
                    0x0140                  _PMDIN1 = 0x140
                    0x0142                  PMDIN2 = 0x142
                    0x0142                  _PMDIN2 = 0x142
                    0x0144                  PMSTAT = 0x144
                    0x0144                  _PMSTAT = 0x144
                    0x0144                  _PMSTATbits = 0x144
                    0x0158                  CRCCON1 = 0x158
                    0x0158                  _CRCCON1 = 0x158
                    0x0158                  _CRCCON1bits = 0x158
                    0x015a                  CRCCON2 = 0x15a
                    0x015a                  _CRCCON2 = 0x15a
                    0x015a                  _CRCCON2bits = 0x15a
                    0x015c                  CRCXORL = 0x15c
                    0x015c                  _CRCXORL = 0x15c
                    0x015c                  _CRCXORLbits = 0x15c
                    0x015e                  CRCXORH = 0x15e
                    0x015e                  _CRCXORH = 0x15e
                    0x015e                  _CRCXORHbits = 0x15e
                    0x0160                  CRCDAT = 0x160
                    0x0160                  _CRCDAT = 0x160
                    0x0160                  CRCDATL = 0x160
                    0x0160                  _CRCDATL = 0x160
                    0x0162                  CRCDATH = 0x162
                    0x0162                  _CRCDATH = 0x162
                    0x0164                  CRCWDAT = 0x164
                    0x0164                  _CRCWDAT = 0x164
                    0x0164                  CRCWDATL = 0x164
                    0x0164                  _CRCWDATL = 0x164
                    0x0166                  CRCWDATH = 0x166
                    0x0166                  _CRCWDATH = 0x166
                    0x0168                  REFOCON1 = 0x168
                    0x0168                  _REFOCON1 = 0x168
                    0x0168                  _REFOCON1bits = 0x168